Component: ARM Compiler 5.06 update 7 (build 960) Tool: armlink [4d3601]

==============================================================================

Section Cross References

    startup_stm32f103xb.o(RESET) refers to startup_stm32f103xb.o(STACK) for __initial_sp
    startup_stm32f103xb.o(RESET) refers to startup_stm32f103xb.o(.text) for Reset_Handler
    startup_stm32f103xb.o(RESET) refers to stm32f1xx_it.o(i.NMI_Handler) for NMI_Handler
    startup_stm32f103xb.o(RESET) refers to stm32f1xx_it.o(i.HardFault_Handler) for HardFault_Handler
    startup_stm32f103xb.o(RESET) refers to stm32f1xx_it.o(i.MemManage_Handler) for MemManage_Handler
    startup_stm32f103xb.o(RESET) refers to stm32f1xx_it.o(i.BusFault_Handler) for BusFault_Handler
    startup_stm32f103xb.o(RESET) refers to stm32f1xx_it.o(i.UsageFault_Handler) for UsageFault_Handler
    startup_stm32f103xb.o(RESET) refers to port.o(.emb_text) for SVC_Handler
    startup_stm32f103xb.o(RESET) refers to stm32f1xx_it.o(i.DebugMon_Handler) for DebugMon_Handler
    startup_stm32f103xb.o(RESET) refers to cmsis_os2.o(i.SysTick_Handler) for SysTick_Handler
    startup_stm32f103xb.o(RESET) refers to stm32f1xx_it.o(i.TIM4_IRQHandler) for TIM4_IRQHandler
    startup_stm32f103xb.o(RESET) refers to stm32f1xx_it.o(i.USART1_IRQHandler) for USART1_IRQHandler
    startup_stm32f103xb.o(.text) refers to system_stm32f1xx.o(i.SystemInit) for SystemInit
    startup_stm32f103xb.o(.text) refers to entry.o(.ARM.Collect$$$$00000000) for __main
    main.o(i.HAL_TIM_PeriodElapsedCallback) refers to stm32f1xx_hal.o(i.HAL_IncTick) for HAL_IncTick
    main.o(i.HAL_UART_RxCpltCallback) refers to queue.o(i.xQueueGiveFromISR) for xQueueGiveFromISR
    main.o(i.HAL_UART_RxCpltCallback) refers to stm32f1xx_hal_uart.o(i.HAL_UART_Receive_IT) for HAL_UART_Receive_IT
    main.o(i.HAL_UART_RxCpltCallback) refers to driver_esp8266.o(.data) for ESP8266_rx_len
    main.o(i.HAL_UART_RxCpltCallback) refers to main.o(.data) for .data
    main.o(i.HAL_UART_RxCpltCallback) refers to driver_esp8266.o(.bss) for ESP8266_rx_buffer
    main.o(i.HAL_UART_RxCpltCallback) refers to freertos.o(.data) for xRxSemaphore
    main.o(i.HAL_UART_RxCpltCallback) refers to usart.o(.bss) for huart1
    main.o(i.SystemClock_Config) refers to memseta.o(.text) for __aeabi_memclr4
    main.o(i.SystemClock_Config) refers to stm32f1xx_hal_rcc.o(i.HAL_RCC_OscConfig) for HAL_RCC_OscConfig
    main.o(i.SystemClock_Config) refers to stm32f1xx_hal_rcc.o(i.HAL_RCC_ClockConfig) for HAL_RCC_ClockConfig
    main.o(i.SystemClock_Config) refers to stm32f1xx_hal_rcc_ex.o(i.HAL_RCCEx_PeriphCLKConfig) for HAL_RCCEx_PeriphCLKConfig
    main.o(i.main) refers to stm32f1xx_hal.o(i.HAL_Init) for HAL_Init
    main.o(i.main) refers to main.o(i.SystemClock_Config) for SystemClock_Config
    main.o(i.main) refers to gpio.o(i.MX_GPIO_Init) for MX_GPIO_Init
    main.o(i.main) refers to adc.o(i.MX_ADC1_Init) for MX_ADC1_Init
    main.o(i.main) refers to usart.o(i.MX_USART1_UART_Init) for MX_USART1_UART_Init
    main.o(i.main) refers to i2c.o(i.MX_I2C1_Init) for MX_I2C1_Init
    main.o(i.main) refers to stm32f1xx_hal_uart.o(i.HAL_UART_Receive_IT) for HAL_UART_Receive_IT
    main.o(i.main) refers to cmsis_os2.o(i.osKernelInitialize) for osKernelInitialize
    main.o(i.main) refers to freertos.o(i.MX_FREERTOS_Init) for MX_FREERTOS_Init
    main.o(i.main) refers to cmsis_os2.o(i.osKernelStart) for osKernelStart
    main.o(i.main) refers to main.o(.data) for .data
    main.o(i.main) refers to usart.o(.bss) for huart1
    gpio.o(i.MX_GPIO_Init) refers to stm32f1xx_hal_gpio.o(i.HAL_GPIO_WritePin) for HAL_GPIO_WritePin
    gpio.o(i.MX_GPIO_Init) refers to stm32f1xx_hal_gpio.o(i.HAL_GPIO_Init) for HAL_GPIO_Init
    freertos.o(i.GetI2C) refers to queue.o(i.xQueueSemaphoreTake) for xQueueSemaphoreTake
    freertos.o(i.GetI2C) refers to freertos.o(.data) for .data
    freertos.o(i.MX_FREERTOS_Init) refers to driver_moisture.o(i.MoistureSensor_Init) for MoistureSensor_Init
    freertos.o(i.MX_FREERTOS_Init) refers to driver_dht11.o(i.DHT11_Init) for DHT11_Init
    freertos.o(i.MX_FREERTOS_Init) refers to driver_bh1750.o(i.BH1750_Init) for BH1750_Init
    freertos.o(i.MX_FREERTOS_Init) refers to driver_lcd.o(i.LCD_Init) for LCD_Init
    freertos.o(i.MX_FREERTOS_Init) refers to driver_lcd.o(i.LCD_Clear) for LCD_Clear
    freertos.o(i.MX_FREERTOS_Init) refers to driver_light.o(i.Light_Init) for Light_Init
    freertos.o(i.MX_FREERTOS_Init) refers to driver_water.o(i.Water_Init) for Water_Init
    freertos.o(i.MX_FREERTOS_Init) refers to cmsis_os2.o(i.osThreadNew) for osThreadNew
    freertos.o(i.MX_FREERTOS_Init) refers to queue.o(i.xQueueCreateMutex) for xQueueCreateMutex
    freertos.o(i.MX_FREERTOS_Init) refers to queue.o(i.xQueueGenericCreate) for xQueueGenericCreate
    freertos.o(i.MX_FREERTOS_Init) refers to tasks.o(i.xTaskCreate) for xTaskCreate
    freertos.o(i.MX_FREERTOS_Init) refers to freertos.o(.constdata) for .constdata
[...]
    i.main                                   0x08003ef4   Section        0  main.o(i.main)
    i.map                                    0x08003f2c   Section        0  driver_moisture.o(i.map)
    i.mdelay                                 0x08003f40   Section        0  driver_delay.o(i.mdelay)
    i.osDelay                                0x08003f5a   Section        0  cmsis_os2.o(i.osDelay)
    i.osKernelInitialize                     0x08003f74   Section        0  cmsis_os2.o(i.osKernelInitialize)
    i.osKernelStart                          0x08003f98   Section        0  cmsis_os2.o(i.osKernelStart)
    i.osThreadNew                            0x08003fd0   Section        0  cmsis_os2.o(i.osThreadNew)
    i.prvAddCurrentTaskToDelayedList         0x0800405c   Section        0  tasks.o(i.prvAddCurrentTaskToDelayedList)
    prvAddCurrentTaskToDelayedList           0x0800405d   Thumb Code    84  tasks.o(i.prvAddCurrentTaskToDelayedList)
    i.prvAddNewTaskToReadyList               0x080040b8   Section        0  tasks.o(i.prvAddNewTaskToReadyList)
    prvAddNewTaskToReadyList                 0x080040b9   Thumb Code   190  tasks.o(i.prvAddNewTaskToReadyList)
    i.prvCheckForValidListAndQueue           0x08004188   Section        0  timers.o(i.prvCheckForValidListAndQueue)
    prvCheckForValidListAndQueue             0x08004189   Thumb Code    72  timers.o(i.prvCheckForValidListAndQueue)
    i.prvCopyDataFromQueue                   0x080041e0   Section        0  queue.o(i.prvCopyDataFromQueue)
    prvCopyDataFromQueue                     0x080041e1   Thumb Code    38  queue.o(i.prvCopyDataFromQueue)
    i.prvCopyDataToQueue                     0x08004206   Section        0  queue.o(i.prvCopyDataToQueue)
    prvCopyDataToQueue                       0x08004207   Thumb Code   108  queue.o(i.prvCopyDataToQueue)
    i.prvDeleteTCB                           0x08004272   Section        0  tasks.o(i.prvDeleteTCB)
    prvDeleteTCB                             0x08004273   Thumb Code    52  tasks.o(i.prvDeleteTCB)
    i.prvHeapInit                            0x080042a8   Section        0  heap_4.o(i.prvHeapInit)
    prvHeapInit                              0x080042a9   Thumb Code    66  heap_4.o(i.prvHeapInit)
    i.prvIdleTask                            0x080042f4   Section        0  tasks.o(i.prvIdleTask)
    prvIdleTask                              0x080042f5   Thumb Code    82  tasks.o(i.prvIdleTask)
    i.prvInitialiseMutex                     0x08004354   Section        0  queue.o(i.prvInitialiseMutex)
    prvInitialiseMutex                       0x08004355   Thumb Code    22  queue.o(i.prvInitialiseMutex)
    i.prvInitialiseNewQueue                  0x0800436c   Section        0  queue.o(i.prvInitialiseNewQueue)
    prvInitialiseNewQueue                    0x0800436d   Thumb Code    34  queue.o(i.prvInitialiseNewQueue)
    i.prvInitialiseNewTask                   0x08004390   Section        0  tasks.o(i.prvInitialiseNewTask)
    prvInitialiseNewTask                     0x08004391   Thumb Code   176  tasks.o(i.prvInitialiseNewTask)
    i.prvInsertBlockIntoFreeList             0x08004440   Section        0  heap_4.o(i.prvInsertBlockIntoFreeList)
    prvInsertBlockIntoFreeList               0x08004441   Thumb Code    72  heap_4.o(i.prvInsertBlockIntoFreeList)
    i.prvInsertTimerInActiveList             0x0800448c   Section        0  timers.o(i.prvInsertTimerInActiveList)
    prvInsertTimerInActiveList               0x0800448d   Thumb Code    52  timers.o(i.prvInsertTimerInActiveList)
    i.prvIsQueueEmpty                        0x080044c4   Section        0  queue.o(i.prvIsQueueEmpty)
    prvIsQueueEmpty                          0x080044c5   Thumb Code    28  queue.o(i.prvIsQueueEmpty)
    i.prvProcessReceivedCommands             0x080044e0   Section        0  timers.o(i.prvProcessReceivedCommands)
    prvProcessReceivedCommands               0x080044e1   Thumb Code   248  timers.o(i.prvProcessReceivedCommands)
    i.prvProcessTimerOrBlockTask             0x080045dc   Section        0  timers.o(i.prvProcessTimerOrBlockTask)
    prvProcessTimerOrBlockTask               0x080045dd   Thumb Code   182  timers.o(i.prvProcessTimerOrBlockTask)
    i.prvResetNextTaskUnblockTime            0x0800469c   Section        0  tasks.o(i.prvResetNextTaskUnblockTime)
    prvResetNextTaskUnblockTime              0x0800469d   Thumb Code    26  tasks.o(i.prvResetNextTaskUnblockTime)
    i.prvSampleTimeNow                       0x080046bc   Section        0  timers.o(i.prvSampleTimeNow)
    prvSampleTimeNow                         0x080046bd   Thumb Code    36  timers.o(i.prvSampleTimeNow)
    i.prvSwitchTimerLists                    0x080046e4   Section        0  timers.o(i.prvSwitchTimerLists)
    prvSwitchTimerLists                      0x080046e5   Thumb Code   104  timers.o(i.prvSwitchTimerLists)
    i.prvTaskExitError                       0x08004750   Section        0  port.o(i.prvTaskExitError)
    prvTaskExitError                         0x08004751   Thumb Code    36  port.o(i.prvTaskExitError)
    i.prvTimerTask                           0x08004778   Section        0  timers.o(i.prvTimerTask)
    prvTimerTask                             0x08004779   Thumb Code    32  timers.o(i.prvTimerTask)
    i.prvUnlockQueue                         0x0800479c   Section        0  queue.o(i.prvUnlockQueue)
    prvUnlockQueue                           0x0800479d   Thumb Code   106  queue.o(i.prvUnlockQueue)
    i.pvPortMalloc                           0x08004808   Section        0  heap_4.o(i.pvPortMalloc)
    i.pvTaskIncrementMutexHeldCount          0x080048e4   Section        0  tasks.o(i.pvTaskIncrementMutexHeldCount)
    i.pxPortInitialiseStack                  0x080048fc   Section        0  port.o(i.pxPortInitialiseStack)
    i.udelay                                 0x08004920   Section        0  driver_delay.o(i.udelay)
    i.uxListRemove                           0x08004958   Section        0  list.o(i.uxListRemove)
    i.vApplicationGetIdleTaskMemory          0x08004980   Section        0  cmsis_os2.o(i.vApplicationGetIdleTaskMemory)
    i.vApplicationGetTimerTaskMemory         0x08004994   Section        0  cmsis_os2.o(i.vApplicationGetTimerTaskMemory)
    i.vListInitialise                        0x080049ac   Section        0  list.o(i.vListInitialise)
    i.vListInitialiseItem                    0x080049c2   Section        0  list.o(i.vListInitialiseItem)
    i.vListInsert                            0x080049c8   Section        0  list.o(i.vListInsert)
    i.vListInsertEnd                         0x080049f8   Section        0  list.o(i.vListInsertEnd)
    i.vPortEnterCritical                     0x08004a10   Section        0  port.o(i.vPortEnterCritical)
    i.vPortExitCritical                      0x08004a50   Section        0  port.o(i.vPortExitCritical)
    i.vPortFree                              0x08004a78   Section        0  heap_4.o(i.vPortFree)
    i.vPortSetupTimerInterrupt               0x08004adc   Section        0  port.o(i.vPortSetupTimerInterrupt)
    i.vPortValidateInterruptPriority         0x08004b00   Section        0  port.o(i.vPortValidateInterruptPriority)
    i.vQueueAddToRegistry                    0x08004b54   Section        0  queue.o(i.vQueueAddToRegistry)
    i.vQueueWaitForMessageRestricted         0x08004b7c   Section        0  queue.o(i.vQueueWaitForMessageRestricted)
    i.vTaskDelay                             0x08004bc0   Section        0  tasks.o(i.vTaskDelay)
    i.vTaskInternalSetTimeOutState           0x08004c0c   Section        0  tasks.o(i.vTaskInternalSetTimeOutState)
    i.vTaskMissedYield                       0x08004c1c   Section        0  tasks.o(i.vTaskMissedYield)
    i.vTaskPlaceOnEventList                  0x08004c28   Section        0  tasks.o(i.vTaskPlaceOnEventList)
    i.vTaskPlaceOnEventListRestricted        0x08004c58   Section        0  tasks.o(i.vTaskPlaceOnEventListRestricted)
    i.vTaskPriorityDisinheritAfterTimeout    0x08004c90   Section        0  tasks.o(i.vTaskPriorityDisinheritAfterTimeout)
    i.vTaskStartScheduler                    0x08004d20   Section        0  tasks.o(i.vTaskStartScheduler)
    i.vTaskSuspendAll                        0x08004da8   Section        0  tasks.o(i.vTaskSuspendAll)
    i.vTaskSwitchContext                     0x08004db8   Section        0  tasks.o(i.vTaskSwitchContext)
    i.xPortStartScheduler                    0x08004e1c   Section        0  port.o(i.xPortStartScheduler)
    i.xPortSysTickHandler                    0x08004ec4   Section        0  port.o(i.xPortSysTickHandler)
    i.xQueueCreateMutex                      0x08004ef0   Section        0  queue.o(i.xQueueCreateMutex)
    i.xQueueGenericCreate                    0x08004f06   Section        0  queue.o(i.xQueueGenericCreate)
    i.xQueueGenericCreateStatic              0x08004f48   Section        0  queue.o(i.xQueueGenericCreateStatic)
    i.xQueueGenericReset                     0x08004fb0   Section        0  queue.o(i.xQueueGenericReset)
    i.xQueueGenericSend                      0x08005038   Section        0  queue.o(i.xQueueGenericSend)
    i.xQueueGenericSendFromISR               0x08005198   Section        0  queue.o(i.xQueueGenericSendFromISR)
    i.xQueueGiveFromISR                      0x08005256   Section        0  queue.o(i.xQueueGiveFromISR)
    i.xQueueReceive                          0x080052f4   Section        0  queue.o(i.xQueueReceive)
    i.xQueueSemaphoreTake                    0x0800542c   Section        0  queue.o(i.xQueueSemaphoreTake)
    i.xTaskCheckForTimeOut                   0x080055a4   Section        0  tasks.o(i.xTaskCheckForTimeOut)
    i.xTaskCreate                            0x08005618   Section        0  tasks.o(i.xTaskCreate)
    i.xTaskCreateStatic                      0x08005672   Section        0  tasks.o(i.xTaskCreateStatic)
    i.xTaskGetSchedulerState                 0x080056c8   Section        0  tasks.o(i.xTaskGetSchedulerState)
    i.xTaskGetTickCount                      0x080056e4   Section        0  tasks.o(i.xTaskGetTickCount)
    i.xTaskIncrementTick                     0x080056f0   Section        0  tasks.o(i.xTaskIncrementTick)
    i.xTaskPriorityDisinherit                0x080057b8   Section        0  tasks.o(i.xTaskPriorityDisinherit)
    i.xTaskPriorityInherit                   0x08005838   Section        0  tasks.o(i.xTaskPriorityInherit)
    i.xTaskRemoveFromEventList               0x080058b0   Section        0  tasks.o(i.xTaskRemoveFromEventList)
    i.xTaskResumeAll                         0x08005920   Section        0  tasks.o(i.xTaskResumeAll)
    i.xTimerCreateTimerTask                  0x080059e4   Section        0  timers.o(i.xTimerCreateTimerTask)
    i.xTimerGenericCommand                   0x08005a44   Section        0  timers.o(i.xTimerGenericCommand)
    .constdata                               0x08005aac   Section       36  freertos.o(.constdata)
    .constdata                               0x08005ad0   Section       18  stm32f1xx_hal_rcc.o(.constdata)
    aPredivFactorTable                       0x08005ad0   Data           2  stm32f1xx_hal_rcc.o(.constdata)
    aPLLMULFactorTable                       0x08005ad2   Data          16  stm32f1xx_hal_rcc.o(.constdata)
    .constdata                               0x08005ae2   Section       18  stm32f1xx_hal_rcc_ex.o(.constdata)
    aPredivFactorTable                       0x08005ae2   Data           2  stm32f1xx_hal_rcc_ex.o(.constdata)
    aPLLMULFactorTable                       0x08005ae4   Data          16  stm32f1xx_hal_rcc_ex.o(.constdata)
    .constdata                               0x08005af4   Section       16  system_stm32f1xx.o(.constdata)
    .constdata                               0x08005b04   Section        8  system_stm32f1xx.o(.constdata)
    .constdata                               0x08005b0c   Section     2048  driver_oled.o(.constdata)
    .conststring                             0x0800630c   Section       12  freertos.o(.conststring)
    .conststring                             0x08006318   Section      306  driver_esp8266.o(.conststring)
    .data                                    0x20000000   Section        1  main.o(.data)
    .data                                    0x20000004   Section       12  freertos.o(.data)
    g_I2CMutex                               0x20000004   Data           4  freertos.o(.data)
    .data                                    0x20000010   Section       12  stm32f1xx_hal.o(.data)
    .data                                    0x2000001c   Section        4  system_stm32f1xx.o(.data)
    .data                                    0x20000020   Section       12  driver_moisture.o(.data)
    g_HADC_MoistureSensor                    0x20000020   Data           4  driver_moisture.o(.data)
    .data                                    0x2000002c   Section        4  driver_uart.o(.data)
    g_HDebugUART                             0x2000002c   Data           4  driver_uart.o(.data)
    .data                                    0x20000030   Section        8  driver_bh1750.o(.data)
    g_pHI2C_MPU6050                          0x20000034   Data           4  driver_bh1750.o(.data)
    .data                                    0x20000038   Section        8  driver_oled.o(.data)
    mem_mode                                 0x20000038   Data           1  driver_oled.o(.data)
    g_pHI2COLED                              0x2000003c   Data           4  driver_oled.o(.data)
    .data                                    0x20000040   Section       20  driver_esp8266.o(.data)
    .data                                    0x20000054   Section        1  driver_light.o(.data)
    .data                                    0x20000055   Section        1  driver_water.o(.data)
    .data                                    0x20000058   Section       60  tasks.o(.data)
    uxDeletedTasksWaitingCleanUp             0x2000005c   Data           4  tasks.o(.data)
    uxCurrentNumberOfTasks                   0x20000060   Data           4  tasks.o(.data)
    xTickCount                               0x20000064   Data           4  tasks.o(.data)
    uxTopReadyPriority                       0x20000068   Data           4  tasks.o(.data)
    xSchedulerRunning                        0x2000006c   Data           4  tasks.o(.data)
    xPendedTicks                             0x20000070   Data           4  tasks.o(.data)
    xYieldPending                            0x20000074   Data           4  tasks.o(.data)
    xNumOfOverflows                          0x20000078   Data           4  tasks.o(.data)
    uxTaskNumber                             0x2000007c   Data           4  tasks.o(.data)
    xNextTaskUnblockTime                     0x20000080   Data           4  tasks.o(.data)
    xIdleTaskHandle                          0x20000084   Data           4  tasks.o(.data)
    uxSchedulerSuspended                     0x20000088   Data           4  tasks.o(.data)
    pxDelayedTaskList                        0x2000008c   Data           4  tasks.o(.data)
    pxOverflowDelayedTaskList                0x20000090   Data           4  tasks.o(.data)
    .data                                    0x20000094   Section       20  timers.o(.data)
    xTimerQueue                              0x20000094   Data           4  timers.o(.data)
    xTimerTaskHandle                         0x20000098   Data           4  timers.o(.data)
    xLastTime                                0x2000009c   Data           4  timers.o(.data)
    pxCurrentTimerList                       0x200000a0   Data           4  timers.o(.data)
    pxOverflowTimerList                      0x200000a4   Data           4  timers.o(.data)
    .data                                    0x200000a8   Section        4  cmsis_os2.o(.data)
    KernelState                              0x200000a8   Data           4  cmsis_os2.o(.data)
    .data                                    0x200000ac   Section       32  heap_4.o(.data)
    pxEnd                                    0x200000ac   Data           4  heap_4.o(.data)
    xFreeBytesRemaining                      0x200000b0   Data           4  heap_4.o(.data)
    xMinimumEverFreeBytesRemaining           0x200000b4   Data           4  heap_4.o(.data)
    xNumberOfSuccessfulAllocations           0x200000b8   Data           4  heap_4.o(.data)
    xNumberOfSuccessfulFrees                 0x200000bc   Data           4  heap_4.o(.data)
    xBlockAllocatedBit                       0x200000c0   Data           4  heap_4.o(.data)
    xStart                                   0x200000c4   Data           8  heap_4.o(.data)
    .data                                    0x200000cc   Section       12  port.o(.data)
    ucMaxSysCallPriority                     0x200000cc   Data           1  port.o(.data)
    uxCriticalNesting                        0x200000d0   Data           4  port.o(.data)
    ulMaxPRIGROUPValue                       0x200000d4   Data           4  port.o(.data)
    .data                                    0x200000d8   Section        4  stdout.o(.data)
    .bss                                     0x200000dc   Section       48  adc.o(.bss)
    .bss                                     0x2000010c   Section       84  i2c.o(.bss)
    .bss                                     0x20000160   Section       72  usart.o(.bss)
    .bss                                     0x200001a8   Section       72  stm32f1xx_hal_timebase_tim.o(.bss)
    .bss                                     0x200001f0   Section      564  driver_esp8266.o(.bss)
    ReceiveData                              0x200003f0   Data          24  driver_esp8266.o(.bss)
    MyCollector                              0x20000408   Data          28  driver_esp8266.o(.bss)
    .bss                                     0x20000424   Section       64  queue.o(.bss)
    .bss                                     0x20000464   Section     1220  tasks.o(.bss)
    pxReadyTasksLists                        0x20000464   Data        1120  tasks.o(.bss)
    xDelayedTaskList1                        0x200008c4   Data          20  tasks.o(.bss)
    xDelayedTaskList2                        0x200008d8   Data          20  tasks.o(.bss)
    xPendingReadyList                        0x200008ec   Data          20  tasks.o(.bss)
    xTasksWaitingTermination                 0x20000900   Data          20  tasks.o(.bss)
    xSuspendedTaskList                       0x20000914   Data          20  tasks.o(.bss)
    .bss                                     0x20000928   Section      280  timers.o(.bss)
    xStaticTimerQueue                        0x20000928   Data          80  timers.o(.bss)
    ucStaticTimerQueueStorage                0x20000978   Data         160  timers.o(.bss)
    xActiveTimerList1                        0x20000a18   Data          20  timers.o(.bss)
    xActiveTimerList2                        0x20000a2c   Data          20  timers.o(.bss)
    .bss                                     0x20000a40   Section     1720  cmsis_os2.o(.bss)
    Idle_TCB                                 0x20000a40   Data          92  cmsis_os2.o(.bss)
    Idle_Stack                               0x20000a9c   Data         512  cmsis_os2.o(.bss)
    Timer_TCB                                0x20000c9c   Data          92  cmsis_os2.o(.bss)
    Timer_Stack                              0x20000cf8   Data        1024  cmsis_os2.o(.bss)
    .bss                                     0x200010f8   Section     8000  heap_4.o(.bss)
    ucHeap                                   0x200010f8   Data        8000  heap_4.o(.bss)
    STACK                                    0x20003038   Section     1024  startup_stm32f103xb.o(STACK)

    Global Symbols

    Symbol Name                              Value     Ov Type        Size  Object(Section)

    BuildAttributes$$THM_ISAv4$P$D$K$B$S$PE$A:L22UL41UL21$X:L11$S22US41US21$IEEE1$IW$USESV6$~STKCKD$USESV7$~SHL$OSPACE$ROPI$EBA8$MICROLIB$REQ8$PRES8$EABIv2 0x00000000   Number         0  anon$$obj.o ABSOLUTE
    __ARM_use_no_argv                        0x00000000   Number         0  main.o ABSOLUTE
    _printf_a                                0x00000000   Number         0  stubs.o ABSOLUTE
    _printf_c                                0x00000000   Number         0  stubs.o ABSOLUTE
    _printf_charcount                        0x00000000   Number         0  stubs.o ABSOLUTE
    _printf_d                                0x00000000   Number         0  stubs.o ABSOLUTE
    _printf_e                                0x00000000   Number         0  stubs.o ABSOLUTE
    _printf_f                                0x00000000   Number         0  stubs.o ABSOLUTE
    _printf_flags                            0x00000000   Number         0  stubs.o ABSOLUTE
    _printf_fp_dec                           0x00000000   Number         0  stubs.o ABSOLUTE
    _printf_fp_hex                           0x00000000   Number         0  stubs.o ABSOLUTE
    _printf_g                                0x00000000   Number         0  stubs.o ABSOLUTE
    _printf_i                                0x00000000   Number         0  stubs.o ABSOLUTE
    _printf_int_dec                          0x00000000   Number         0  stubs.o ABSOLUTE
    _printf_l                                0x00000000   Number         0  stubs.o ABSOLUTE
    _printf_lc                               0x00000000   Number         0  stubs.o ABSOLUTE
    _printf_ll                               0x00000000   Number         0  stubs.o ABSOLUTE
    _printf_lld                              0x00000000   Number         0  stubs.o ABSOLUTE
    _printf_lli                              0x00000000   Number         0  stubs.o ABSOLUTE
    _printf_llo                              0x00000000   Number         0  stubs.o ABSOLUTE
    _printf_llu                              0x00000000   Number         0  stubs.o ABSOLUTE
    _printf_llx                              0x00000000   Number         0  stubs.o ABSOLUTE
    _printf_longlong_dec                     0x00000000   Number         0  stubs.o ABSOLUTE
    _printf_longlong_hex                     0x00000000   Number         0  stubs.o ABSOLUTE
    _printf_longlong_oct                     0x00000000   Number         0  stubs.o ABSOLUTE
    _printf_ls                               0x00000000   Number         0  stubs.o ABSOLUTE
    _printf_mbtowc                           0x00000000   Number         0  stubs.o ABSOLUTE
    _printf_n                                0x00000000   Number         0  stubs.o ABSOLUTE
    _printf_o                                0x00000000   Number         0  stubs.o ABSOLUTE
    _printf_p                                0x00000000   Number         0  stubs.o ABSOLUTE
    _printf_percent                          0x00000000   Number         0  stubs.o ABSOLUTE
    _printf_pre_padding                      0x00000000   Number         0  stubs.o ABSOLUTE
    _printf_return_value                     0x00000000   Number         0  stubs.o ABSOLUTE
    _printf_s                                0x00000000   Number         0  stubs.o ABSOLUTE
    _printf_sizespec                         0x00000000   Number         0  stubs.o ABSOLUTE
    _printf_str                              0x00000000   Number         0  stubs.o ABSOLUTE
    _printf_truncate_signed                  0x00000000   Number         0  stubs.o ABSOLUTE
    _printf_truncate_unsigned                0x00000000   Number         0  stubs.o ABSOLUTE
    _printf_u                                0x00000000   Number         0  stubs.o ABSOLUTE
    _printf_wc                               0x00000000   Number         0  stubs.o ABSOLUTE
    _printf_wctomb                           0x00000000   Number         0  stubs.o ABSOLUTE
    _printf_widthprec                        0x00000000   Number         0  stubs.o ABSOLUTE
    _printf_x                                0x00000000   Number         0  stubs.o ABSOLUTE
    __arm_fini_                               - Undefined Weak Reference
    __cpp_initialize__aeabi_                  - Undefined Weak Reference
    __cxa_finalize                            - Undefined Weak Reference
    __decompress                              - Undefined Weak Reference
    _clock_init                               - Undefined Weak Reference
    _microlib_exit                            - Undefined Weak Reference
    __Vectors_Size                           0x000000ec   Number         0  startup_stm32f103xb.o ABSOLUTE
    __Vectors                                0x08000000   Data           4  startup_stm32f103xb.o(RESET)
    __Vectors_End                            0x080000ec   Data           0  startup_stm32f103xb.o(RESET)
    __main                                   0x080000ed   Thumb Code     0  entry.o(.ARM.Collect$$$$00000000)
    _main_stk                                0x080000ed   Thumb Code     0  entry2.o(.ARM.Collect$$$$00000001)
    _main_scatterload                        0x080000f1   Thumb Code     0  entry5.o(.ARM.Collect$$$$00000004)
    __main_after_scatterload                 0x080000f5   Thumb Code     0  entry5.o(.ARM.Collect$$$$00000004)
    _main_clock                              0x080000f5   Thumb Code     0  entry7b.o(.ARM.Collect$$$$00000008)
    _main_cpp_init                           0x080000f5   Thumb Code     0  entry8b.o(.ARM.Collect$$$$0000000A)
    _main_init                               0x080000f5   Thumb Code     0  entry9a.o(.ARM.Collect$$$$0000000B)
    __rt_lib_shutdown_fini                   0x080000fd   Thumb Code     0  entry12b.o(.ARM.Collect$$$$0000000E)
    __rt_final_cpp                           0x08000101   Thumb Code     0  entry10a.o(.ARM.Collect$$$$0000000F)
    __rt_final_exit                          0x08000101   Thumb Code     0  entry11a.o(.ARM.Collect$$$$00000011)
    SVC_Handler                              0x08000105   Thumb Code    32  port.o(.emb_text)
    __asm___6_port_c_39a90d8d__prvStartFirstTask 0x08000129   Thumb Code    28  port.o(.emb_text)
    PendSV_Handler                           0x08000149   Thumb Code    72  port.o(.emb_text)
    vPortGetIPSR                             0x08000195   Thumb Code     6  port.o(.emb_text)
    Reset_Handler                            0x0800019d   Thumb Code     8  startup_stm32f103xb.o(.text)
    ADC1_2_IRQHandler                        0x080001b7   Thumb Code     0  startup_stm32f103xb.o(.text)
    CAN1_RX1_IRQHandler                      0x080001b7   Thumb Code     0  startup_stm32f103xb.o(.text)
    CAN1_SCE_IRQHandler                      0x080001b7   Thumb Code     0  startup_stm32f103xb.o(.text)
    DMA1_Channel1_IRQHandler                 0x080001b7   Thumb Code     0  startup_stm32f103xb.o(.text)
    DMA1_Channel2_IRQHandler                 0x080001b7   Thumb Code     0  startup_stm32f103xb.o(.text)
    DMA1_Channel3_IRQHandler                 0x080001b7   Thumb Code     0  startup_stm32f103xb.o(.text)
    DMA1_Channel4_IRQHandler                 0x080001b7   Thumb Code     0  startup_stm32f103xb.o(.text)
    DMA1_Channel5_IRQHandler                 0x080001b7   Thumb Code     0  startup_stm32f103xb.o(.text)
    DMA1_Channel6_IRQHandler                 0x080001b7   Thumb Code     0  startup_stm32f103xb.o(.text)
    DMA1_Channel7_IRQHandler                 0x080001b7   Thumb Code     0  startup_stm32f103xb.o(.text)
    EXTI0_IRQHandler                         0x080001b7   Thumb Code     0  startup_stm32f103xb.o(.text)
    EXTI15_10_IRQHandler                     0x080001b7   Thumb Code     0  startup_stm32f103xb.o(.text)
    EXTI1_IRQHandler                         0x080001b7   Thumb Code     0  startup_stm32f103xb.o(.text)
    EXTI2_IRQHandler                         0x080001b7   Thumb Code     0  startup_stm32f103xb.o(.text)
    EXTI3_IRQHandler                         0x080001b7   Thumb Code     0  startup_stm32f103xb.o(.text)
    EXTI4_IRQHandler                         0x080001b7   Thumb Code     0  startup_stm32f103xb.o(.text)
    EXTI9_5_IRQHandler                       0x080001b7   Thumb Code     0  startup_stm32f103xb.o(.text)
    FLASH_IRQHandler                         0x080001b7   Thumb Code     0  startup_stm32f103xb.o(.text)
    I2C1_ER_IRQHandler                       0x080001b7   Thumb Code     0  startup_stm32f103xb.o(.text)
    I2C1_EV_IRQHandler                       0x080001b7   Thumb Code     0  startup_stm32f103xb.o(.text)
    I2C2_ER_IRQHandler                       0x080001b7   Thumb Code     0  startup_stm32f103xb.o(.text)
    I2C2_EV_IRQHandler                       0x080001b7   Thumb Code     0  startup_stm32f103xb.o(.text)
    PVD_IRQHandler                           0x080001b7   Thumb Code     0  startup_stm32f103xb.o(.text)
    RCC_IRQHandler                           0x080001b7   Thumb Code     0  startup_stm32f103xb.o(.text)
    RTC_Alarm_IRQHandler                     0x080001b7   Thumb Code     0  startup_stm32f103xb.o(.text)
    RTC_IRQHandler                           0x080001b7   Thumb Code     0  startup_stm32f103xb.o(.text)
    SPI1_IRQHandler                          0x080001b7   Thumb Code     0  startup_stm32f103xb.o(.text)
    SPI2_IRQHandler                          0x080001b7   Thumb Code     0  startup_stm32f103xb.o(.text)
    TAMPER_IRQHandler                        0x080001b7   Thumb Code     0  startup_stm32f103xb.o(.text)
    TIM1_BRK_IRQHandler                      0x080001b7   Thumb Code     0  startup_stm32f103xb.o(.text)
    TIM1_CC_IRQHandler                       0x080001b7   Thumb Code     0  startup_stm32f103xb.o(.text)
    TIM1_TRG_COM_IRQHandler                  0x080001b7   Thumb Code     0  startup_stm32f103xb.o(.text)
    TIM1_UP_IRQHandler                       0x080001b7   Thumb Code     0  startup_stm32f103xb.o(.text)
    TIM2_IRQHandler                          0x080001b7   Thumb Code     0  startup_stm32f103xb.o(.text)
    TIM3_IRQHandler                          0x080001b7   Thumb Code     0  startup_stm32f103xb.o(.text)
    USART2_IRQHandler                        0x080001b7   Thumb Code     0  startup_stm32f103xb.o(.text)
    USART3_IRQHandler                        0x080001b7   Thumb Code     0  startup_stm32f103xb.o(.text)
    USBWakeUp_IRQHandler                     0x080001b7   Thumb Code     0  startup_stm32f103xb.o(.text)
    USB_HP_CAN1_TX_IRQHandler                0x080001b7   Thumb Code     0  startup_stm32f103xb.o(.text)
    USB_LP_CAN1_RX0_IRQHandler               0x080001b7   Thumb Code     0  startup_stm32f103xb.o(.text)
    WWDG_IRQHandler                          0x080001b7   Thumb Code     0  startup_stm32f103xb.o(.text)
    __aeabi_memcpy                           0x080001c1   Thumb Code    36  memcpya.o(.text)
    __aeabi_memcpy4                          0x080001c1   Thumb Code     0  memcpya.o(.text)
    __aeabi_memcpy8                          0x080001c1   Thumb Code     0  memcpya.o(.text)
    __aeabi_memset                           0x080001e5   Thumb Code    14  memseta.o(.text)
    __aeabi_memset4                          0x080001e5   Thumb Code     0  memseta.o(.text)
    __aeabi_memset8                          0x080001e5   Thumb Code     0  memseta.o(.text)
    __aeabi_memclr                           0x080001f3   Thumb Code     4  memseta.o(.text)
    __aeabi_memclr4                          0x080001f3   Thumb Code     0  memseta.o(.text)
    __aeabi_memclr8                          0x080001f3   Thumb Code     0  memseta.o(.text)
    memset                                   0x080001f7   Thumb Code    18  memseta.o(.text)
    strstr                                   0x08000209   Thumb Code    36  strstr.o(.text)
    strchr                                   0x0800022d   Thumb Code    20  strchr.o(.text)
    strncmp                                  0x08000241   Thumb Code    30  strncmp.o(.text)
    __aeabi_uidiv                            0x0800025f   Thumb Code     0  uidiv.o(.text)
    __aeabi_uidivmod                         0x0800025f   Thumb Code    44  uidiv.o(.text)
    __scatterload                            0x0800028d   Thumb Code    28  init.o(.text)
    __scatterload_rt2                        0x0800028d   Thumb Code     0  init.o(.text)
    ADC_ConversionStop_Disable               0x080002b1   Thumb Code    86  stm32f1xx_hal_adc.o(i.ADC_ConversionStop_Disable)
    ADC_Enable                               0x08000309   Thumb Code   114  stm32f1xx_hal_adc.o(i.ADC_Enable)
    BH1750_Init                              0x08000385   Thumb Code    30  driver_bh1750.o(i.BH1750_Init)
    BH1750_ReadData                          0x080003a3   Thumb Code    28  driver_bh1750.o(i.BH1750_ReadData)
    BH1750_ReadRegister                      0x080003c1   Thumb Code    24  driver_bh1750.o(i.BH1750_ReadRegister)
    BH1750_Test                              0x080003dd   Thumb Code   164  driver_bh1750.o(i.BH1750_Test)
    BusFault_Handler                         0x080004cd   Thumb Code     2  stm32f1xx_it.o(i.BusFault_Handler)
    DHT11_Init                               0x080004d1   Thumb Code    10  driver_dht11.o(i.DHT11_Init)
    DHT11_Read                               0x080004f9   Thumb Code   150  driver_dht11.o(i.DHT11_Read)
    DHT11_Test                               0x080005dd   Thumb Code   154  driver_dht11.o(i.DHT11_Test)
    DebugMon_Handler                         0x080006c9   Thumb Code     2  stm32f1xx_it.o(i.DebugMon_Handler)
    ESP8266_Clear_Buffer                     0x080006cd   Thumb Code    20  driver_esp8266.o(i.ESP8266_Clear_Buffer)
    ESP8266_Connect_Test                     0x080006e9   Thumb Code    74  driver_esp8266.o(i.ESP8266_Connect_Test)
    ESP8266_Init                             0x08000759   Thumb Code   514  driver_esp8266.o(i.ESP8266_Init)
    ESP8266_PackData                         0x08000b51   Thumb Code    46  driver_esp8266.o(i.ESP8266_PackData)
    ESP8266_ReceiveTask                      0x08000b85   Thumb Code   124  driver_esp8266.o(i.ESP8266_ReceiveTask)
    ESP8266_SendTask                         0x08000c55   Thumb Code   142  driver_esp8266.o(i.ESP8266_SendTask)
    ESP8266_SendToOneNet                     0x08000cf5   Thumb Code    46  driver_esp8266.o(i.ESP8266_SendToOneNet)
    ESP8266_Send_Cmd                         0x08000d75   Thumb Code    52  driver_esp8266.o(i.ESP8266_Send_Cmd)
    Error_Handler                            0x08000db5   Thumb Code     4  main.o(i.Error_Handler)
    Extract_JSON_Bool                        0x08000db9   Thumb Code    70  driver_esp8266.o(i.Extract_JSON_Bool)
    GetI2C                                   0x08000e11   Thumb Code    12  freertos.o(i.GetI2C)
    HAL_ADCEx_Calibration_Start              0x08000e21   Thumb Code   210  stm32f1xx_hal_adc_ex.o(i.HAL_ADCEx_Calibration_Start)
    HAL_ADC_ConfigChannel                    0x08000ef9   Thumb Code   240  stm32f1xx_hal_adc.o(i.HAL_ADC_ConfigChannel)
    HAL_ADC_GetValue                         0x08000ff5   Thumb Code     6  stm32f1xx_hal_adc.o(i.HAL_ADC_GetValue)
    HAL_ADC_Init                             0x08000ffd   Thumb Code   272  stm32f1xx_hal_adc.o(i.HAL_ADC_Init)
    HAL_ADC_MspInit                          0x08001119   Thumb Code    76  adc.o(i.HAL_ADC_MspInit)
    HAL_ADC_PollForConversion                0x08001171   Thumb Code   304  stm32f1xx_hal_adc.o(i.HAL_ADC_PollForConversion)
    HAL_ADC_Start                            0x080012ad   Thumb Code   184  stm32f1xx_hal_adc.o(i.HAL_ADC_Start)
    HAL_DMA_Abort                            0x0800136d   Thumb Code    70  stm32f1xx_hal_dma.o(i.HAL_DMA_Abort)
    HAL_DMA_Abort_IT                         0x080013b5   Thumb Code   148  stm32f1xx_hal_dma.o(i.HAL_DMA_Abort_IT)
    HAL_Delay                                0x0800144d   Thumb Code    32  stm32f1xx_hal.o(i.HAL_Delay)
    HAL_GPIO_Init                            0x08001471   Thumb Code   446  stm32f1xx_hal_gpio.o(i.HAL_GPIO_Init)
    HAL_GPIO_ReadPin                         0x08001651   Thumb Code    10  stm32f1xx_hal_gpio.o(i.HAL_GPIO_ReadPin)
    HAL_GPIO_WritePin                        0x0800165b   Thumb Code    10  stm32f1xx_hal_gpio.o(i.HAL_GPIO_WritePin)
    HAL_GetTick                              0x08001665   Thumb Code     6  stm32f1xx_hal.o(i.HAL_GetTick)
    HAL_I2C_Init                             0x08001671   Thumb Code   376  stm32f1xx_hal_i2c.o(i.HAL_I2C_Init)
    HAL_I2C_Master_Receive                   0x080017f9   Thumb Code   576  stm32f1xx_hal_i2c.o(i.HAL_I2C_Master_Receive)
    HAL_I2C_Master_Transmit                  0x08001a49   Thumb Code   290  stm32f1xx_hal_i2c.o(i.HAL_I2C_Master_Transmit)
    HAL_I2C_Mem_Write                        0x08001b75   Thumb Code   294  stm32f1xx_hal_i2c.o(i.HAL_I2C_Mem_Write)
    HAL_I2C_MspInit                          0x08001ca5   Thumb Code    80  i2c.o(i.HAL_I2C_MspInit)
    HAL_IncTick                              0x08001d01   Thumb Code    12  stm32f1xx_hal.o(i.HAL_IncTick)
    HAL_Init                                 0x08001d11   Thumb Code    32  stm32f1xx_hal.o(i.HAL_Init)
    HAL_InitTick                             0x08001d35   Thumb Code   132  stm32f1xx_hal_timebase_tim.o(i.HAL_InitTick)
    HAL_MspInit                              0x08001dcd   Thumb Code    62  stm32f1xx_hal_msp.o(i.HAL_MspInit)
    HAL_NVIC_EnableIRQ                       0x08001e15   Thumb Code    26  stm32f1xx_hal_cortex.o(i.HAL_NVIC_EnableIRQ)
    HAL_NVIC_SetPriority                     0x08001e31   Thumb Code    60  stm32f1xx_hal_cortex.o(i.HAL_NVIC_SetPriority)
    HAL_NVIC_SetPriorityGrouping             0x08001e71   Thumb Code    26  stm32f1xx_hal_cortex.o(i.HAL_NVIC_SetPriorityGrouping)
    HAL_RCCEx_GetPeriphCLKFreq               0x08001e95   Thumb Code   148  stm32f1xx_hal_rcc_ex.o(i.HAL_RCCEx_GetPeriphCLKFreq)
    HAL_RCCEx_PeriphCLKConfig                0x08001f39   Thumb Code   224  stm32f1xx_hal_rcc_ex.o(i.HAL_RCCEx_PeriphCLKConfig)
    HAL_RCC_ClockConfig                      0x08002025   Thumb Code   280  stm32f1xx_hal_rcc.o(i.HAL_RCC_ClockConfig)
    HAL_RCC_GetClockConfig                   0x08002151   Thumb Code    54  stm32f1xx_hal_rcc.o(i.HAL_RCC_GetClockConfig)
    HAL_RCC_GetPCLK1Freq                     0x08002191   Thumb Code    20  stm32f1xx_hal_rcc.o(i.HAL_RCC_GetPCLK1Freq)
    HAL_RCC_GetPCLK2Freq                     0x080021b1   Thumb Code    20  stm32f1xx_hal_rcc.o(i.HAL_RCC_GetPCLK2Freq)
    HAL_RCC_GetSysClockFreq                  0x080021d1   Thumb Code    58  stm32f1xx_hal_rcc.o(i.HAL_RCC_GetSysClockFreq)
    HAL_RCC_OscConfig                        0x0800221d   Thumb Code   778  stm32f1xx_hal_rcc.o(i.HAL_RCC_OscConfig)
    HAL_TIMEx_BreakCallback                  0x0800253d   Thumb Code     2  stm32f1xx_hal_tim_ex.o(i.HAL_TIMEx_BreakCallback)
    HAL_TIMEx_CommutCallback                 0x0800253f   Thumb Code     2  stm32f1xx_hal_tim_ex.o(i.HAL_TIMEx_CommutCallback)
    HAL_TIM_Base_Init                        0x08002541   Thumb Code    90  stm32f1xx_hal_tim.o(i.HAL_TIM_Base_Init)
    HAL_TIM_Base_MspInit                     0x0800259b   Thumb Code     2  stm32f1xx_hal_tim.o(i.HAL_TIM_Base_MspInit)
    HAL_TIM_Base_Start_IT                    0x0800259d   Thumb Code    76  stm32f1xx_hal_tim.o(i.HAL_TIM_Base_Start_IT)
    HAL_TIM_IC_CaptureCallback               0x080025f5   Thumb Code     2  stm32f1xx_hal_tim.o(i.HAL_TIM_IC_CaptureCallback)
    HAL_TIM_IRQHandler                       0x080025f7   Thumb Code   304  stm32f1xx_hal_tim.o(i.HAL_TIM_IRQHandler)
    HAL_TIM_OC_DelayElapsedCallback          0x08002727   Thumb Code     2  stm32f1xx_hal_tim.o(i.HAL_TIM_OC_DelayElapsedCallback)
    HAL_TIM_PWM_PulseFinishedCallback        0x08002729   Thumb Code     2  stm32f1xx_hal_tim.o(i.HAL_TIM_PWM_PulseFinishedCallback)
    HAL_TIM_PeriodElapsedCallback            0x0800272d   Thumb Code    14  main.o(i.HAL_TIM_PeriodElapsedCallback)
    HAL_TIM_TriggerCallback                  0x08002741   Thumb Code     2  stm32f1xx_hal_tim.o(i.HAL_TIM_TriggerCallback)
    HAL_UARTEx_RxEventCallback               0x08002743   Thumb Code     2  stm32f1xx_hal_uart.o(i.HAL_UARTEx_RxEventCallback)
    HAL_UART_ErrorCallback                   0x08002745   Thumb Code     2  stm32f1xx_hal_uart.o(i.HAL_UART_ErrorCallback)
    HAL_UART_IRQHandler                      0x08002749   Thumb Code   616  stm32f1xx_hal_uart.o(i.HAL_UART_IRQHandler)
    HAL_UART_Init                            0x080029b5   Thumb Code   100  stm32f1xx_hal_uart.o(i.HAL_UART_Init)
    HAL_UART_MspInit                         0x08002a19   Thumb Code   116  usart.o(i.HAL_UART_MspInit)
    HAL_UART_Receive_IT                      0x08002a99   Thumb Code    28  stm32f1xx_hal_uart.o(i.HAL_UART_Receive_IT)
    HAL_UART_RxCpltCallback                  0x08002ab5   Thumb Code    92  main.o(i.HAL_UART_RxCpltCallback)
    HAL_UART_Transmit                        0x08002b2d   Thumb Code   160  stm32f1xx_hal_uart.o(i.HAL_UART_Transmit)
    HAL_UART_TxCpltCallback                  0x08002bcd   Thumb Code     2  stm32f1xx_hal_uart.o(i.HAL_UART_TxCpltCallback)
    HardFault_Handler                        0x08002bcf   Thumb Code     2  stm32f1xx_it.o(i.HardFault_Handler)
    LCD_Clear                                0x0800309b   Thumb Code     4  driver_lcd.o(i.LCD_Clear)
    LCD_ClearLine                            0x0800309f   Thumb Code     4  driver_lcd.o(i.LCD_ClearLine)
    LCD_Init                                 0x080030a3   Thumb Code     4  driver_lcd.o(i.LCD_Init)
    LCD_PrintSignedVal                       0x080030a7   Thumb Code     4  driver_lcd.o(i.LCD_PrintSignedVal)
    LCD_PrintString                          0x080030ab   Thumb Code     4  driver_lcd.o(i.LCD_PrintString)
    Light_Init                               0x080030b1   Thumb Code    10  driver_light.o(i.Light_Init)
    Light_Test                               0x080030c1   Thumb Code    68  driver_light.o(i.Light_Test)
    MX_ADC1_Init                             0x08003111   Thumb Code    70  adc.o(i.MX_ADC1_Init)
    MX_FREERTOS_Init                         0x08003161   Thumb Code   104  freertos.o(i.MX_FREERTOS_Init)
    MX_GPIO_Init                             0x08003205   Thumb Code   132  gpio.o(i.MX_GPIO_Init)
    MX_I2C1_Init                             0x08003295   Thumb Code    50  i2c.o(i.MX_I2C1_Init)
    MX_USART1_UART_Init                      0x080032d5   Thumb Code    48  usart.o(i.MX_USART1_UART_Init)
    MemManage_Handler                        0x0800330d   Thumb Code     2  stm32f1xx_it.o(i.MemManage_Handler)
    MoistureSensor_Init                      0x08003311   Thumb Code     8  driver_moisture.o(i.MoistureSensor_Init)
    MoistureSensor_Read                      0x0800331d   Thumb Code    42  driver_moisture.o(i.MoistureSensor_Read)
    MoistureSensor_Test                      0x0800334d   Thumb Code   154  driver_moisture.o(i.MoistureSensor_Test)
    NMI_Handler                              0x0800340d   Thumb Code     2  stm32f1xx_it.o(i.NMI_Handler)
    OLED_Clear                               0x0800340f   Thumb Code    42  driver_oled.o(i.OLED_Clear)
    OLED_ClearLine                           0x08003439   Thumb Code    28  driver_oled.o(i.OLED_ClearLine)
    OLED_Init                                0x08003455   Thumb Code   142  driver_oled.o(i.OLED_Init)
    OLED_PrintSignedVal                      0x080034e9   Thumb Code   126  driver_oled.o(i.OLED_PrintSignedVal)
    OLED_PrintString                         0x08003567   Thumb Code    50  driver_oled.o(i.OLED_PrintString)
    OLED_PutChar                             0x08003599   Thumb Code    66  driver_oled.o(i.OLED_PutChar)
    OLED_SetPosition                         0x0800360d   Thumb Code    58  driver_oled.o(i.OLED_SetPosition)
    PutI2C                                   0x08003695   Thumb Code    14  freertos.o(i.PutI2C)
    StartDefaultTask                         0x080036a9   Thumb Code     8  freertos.o(i.StartDefaultTask)
    SysTick_Handler                          0x080036b1   Thumb Code    26  cmsis_os2.o(i.SysTick_Handler)
    SystemClock_Config                       0x080036cb   Thumb Code   120  main.o(i.SystemClock_Config)
    SystemInit                               0x08003743   Thumb Code     2  system_stm32f1xx.o(i.SystemInit)
    TIM4_IRQHandler                          0x08003745   Thumb Code     6  stm32f1xx_it.o(i.TIM4_IRQHandler)
    TIM_Base_SetConfig                       0x08003751   Thumb Code   108  stm32f1xx_hal_tim.o(i.TIM_Base_SetConfig)
    UART_Start_Receive_IT                    0x080039a1   Thumb Code    54  stm32f1xx_hal_uart.o(i.UART_Start_Receive_IT)
    USART1_IRQHandler                        0x08003a49   Thumb Code     6  stm32f1xx_it.o(i.USART1_IRQHandler)
    UsageFault_Handler                       0x08003a55   Thumb Code     2  stm32f1xx_it.o(i.UsageFault_Handler)
    Water_Init                               0x08003a59   Thumb Code    10  driver_water.o(i.Water_Init)
    Water_Test                               0x08003a69   Thumb Code    68  driver_water.o(i.Water_Test)
    __0printf$6                              0x08003ab9   Thumb Code    22  printf6.o(i.__0printf$6)
    __1printf$6                              0x08003ab9   Thumb Code     0  printf6.o(i.__0printf$6)
    __2printf                                0x08003ab9   Thumb Code     0  printf6.o(i.__0printf$6)
    __0snprintf$6                            0x08003ad9   Thumb Code    48  printf6.o(i.__0snprintf$6)
    __1snprintf$6                            0x08003ad9   Thumb Code     0  printf6.o(i.__0snprintf$6)
    __2snprintf                              0x08003ad9   Thumb Code     0  printf6.o(i.__0snprintf$6)
    __0sprintf$6                             0x08003b0d   Thumb Code    34  printf6.o(i.__0sprintf$6)
    __1sprintf$6                             0x08003b0d   Thumb Code     0  printf6.o(i.__0sprintf$6)
    __2sprintf                               0x08003b0d   Thumb Code     0  printf6.o(i.__0sprintf$6)
    __scatterload_copy                       0x08003b55   Thumb Code    14  handlers.o(i.__scatterload_copy)
    __scatterload_null                       0x08003b63   Thumb Code     2  handlers.o(i.__scatterload_null)
    __scatterload_zeroinit                   0x08003b65   Thumb Code    14  handlers.o(i.__scatterload_zeroinit)
    fputc                                    0x08003ed9   Thumb Code    22  driver_uart.o(i.fputc)
    main                                     0x08003ef5   Thumb Code    48  main.o(i.main)
    map                                      0x08003f2d   Thumb Code    20  driver_moisture.o(i.map)
    mdelay                                   0x08003f41   Thumb Code    26  driver_delay.o(i.mdelay)
    osDelay                                  0x08003f5b   Thumb Code    26  cmsis_os2.o(i.osDelay)
    osKernelInitialize                       0x08003f75   Thumb Code    32  cmsis_os2.o(i.osKernelInitialize)
    osKernelStart                            0x08003f99   Thumb Code    48  cmsis_os2.o(i.osKernelStart)
    osThreadNew                              0x08003fd1   Thumb Code   138  cmsis_os2.o(i.osThreadNew)
    pvPortMalloc                             0x08004809   Thumb Code   216  heap_4.o(i.pvPortMalloc)
    pvTaskIncrementMutexHeldCount            0x080048e5   Thumb Code    18  tasks.o(i.pvTaskIncrementMutexHeldCount)
    pxPortInitialiseStack                    0x080048fd   Thumb Code    32  port.o(i.pxPortInitialiseStack)
    udelay                                   0x08004921   Thumb Code    52  driver_delay.o(i.udelay)
    uxListRemove                             0x08004959   Thumb Code    38  list.o(i.uxListRemove)
    vApplicationGetIdleTaskMemory            0x08004981   Thumb Code    16  cmsis_os2.o(i.vApplicationGetIdleTaskMemory)
    vApplicationGetTimerTaskMemory           0x08004995   Thumb Code    18  cmsis_os2.o(i.vApplicationGetTimerTaskMemory)
    vListInitialise                          0x080049ad   Thumb Code    22  list.o(i.vListInitialise)
    vListInitialiseItem                      0x080049c3   Thumb Code     6  list.o(i.vListInitialiseItem)
    vListInsert                              0x080049c9   Thumb Code    48  list.o(i.vListInsert)
    vListInsertEnd                           0x080049f9   Thumb Code    24  list.o(i.vListInsertEnd)
    vPortEnterCritical                       0x08004a11   Thumb Code    54  port.o(i.vPortEnterCritical)
    vPortExitCritical                        0x08004a51   Thumb Code    34  port.o(i.vPortExitCritical)
    vPortFree                                0x08004a79   Thumb Code    94  heap_4.o(i.vPortFree)
    vPortSetupTimerInterrupt                 0x08004add   Thumb Code    32  port.o(i.vPortSetupTimerInterrupt)
    vPortValidateInterruptPriority           0x08004b01   Thumb Code    74  port.o(i.vPortValidateInterruptPriority)
    vQueueAddToRegistry                      0x08004b55   Thumb Code    34  queue.o(i.vQueueAddToRegistry)
    vQueueWaitForMessageRestricted           0x08004b7d   Thumb Code    68  queue.o(i.vQueueWaitForMessageRestricted)
    vTaskDelay                               0x08004bc1   Thumb Code    66  tasks.o(i.vTaskDelay)
    vTaskInternalSetTimeOutState             0x08004c0d   Thumb Code    12  tasks.o(i.vTaskInternalSetTimeOutState)
    vTaskMissedYield                         0x08004c1d   Thumb Code     8  tasks.o(i.vTaskMissedYield)
    vTaskPlaceOnEventList                    0x08004c29   Thumb Code    44  tasks.o(i.vTaskPlaceOnEventList)
    vTaskPlaceOnEventListRestricted          0x08004c59   Thumb Code    52  tasks.o(i.vTaskPlaceOnEventListRestricted)
    vTaskPriorityDisinheritAfterTimeout      0x08004c91   Thumb Code   134  tasks.o(i.vTaskPriorityDisinheritAfterTimeout)
    vTaskStartScheduler                      0x08004d21   Thumb Code   118  tasks.o(i.vTaskStartScheduler)
    vTaskSuspendAll                          0x08004da9   Thumb Code    10  tasks.o(i.vTaskSuspendAll)
    vTaskSwitchContext                       0x08004db9   Thumb Code    90  tasks.o(i.vTaskSwitchContext)
    xPortStartScheduler                      0x08004e1d   Thumb Code   154  port.o(i.xPortStartScheduler)
    xPortSysTickHandler                      0x08004ec5   Thumb Code    38  port.o(i.xPortSysTickHandler)
    xQueueCreateMutex                        0x08004ef1   Thumb Code    22  queue.o(i.xQueueCreateMutex)
    xQueueGenericCreate                      0x08004f07   Thumb Code    66  queue.o(i.xQueueGenericCreate)
    xQueueGenericCreateStatic                0x08004f49   Thumb Code   102  queue.o(i.xQueueGenericCreateStatic)
    xQueueGenericReset                       0x08004fb1   Thumb Code   132  queue.o(i.xQueueGenericReset)
    xQueueGenericSend                        0x08005039   Thumb Code   346  queue.o(i.xQueueGenericSend)
    xQueueGenericSendFromISR                 0x08005199   Thumb Code   190  queue.o(i.xQueueGenericSendFromISR)
    xQueueGiveFromISR                        0x08005257   Thumb Code   156  queue.o(i.xQueueGiveFromISR)
    xQueueReceive                            0x080052f5   Thumb Code   308  queue.o(i.xQueueReceive)
    xQueueSemaphoreTake                      0x0800542d   Thumb Code   372  queue.o(i.xQueueSemaphoreTake)
    xTaskCheckForTimeOut                     0x080055a5   Thumb Code   112  tasks.o(i.xTaskCheckForTimeOut)
    xTaskCreate                              0x08005619   Thumb Code    90  tasks.o(i.xTaskCreate)
    xTaskCreateStatic                        0x08005673   Thumb Code    86  tasks.o(i.xTaskCreateStatic)
    xTaskGetSchedulerState                   0x080056c9   Thumb Code    22  tasks.o(i.xTaskGetSchedulerState)
    xTaskGetTickCount                        0x080056e5   Thumb Code     6  tasks.o(i.xTaskGetTickCount)
    xTaskIncrementTick                       0x080056f1   Thumb Code   192  tasks.o(i.xTaskIncrementTick)
    xTaskPriorityDisinherit                  0x080057b9   Thumb Code   118  tasks.o(i.xTaskPriorityDisinherit)
    xTaskPriorityInherit                     0x08005839   Thumb Code   112  tasks.o(i.xTaskPriorityInherit)
    xTaskRemoveFromEventList                 0x080058b1   Thumb Code    98  tasks.o(i.xTaskRemoveFromEventList)
    xTaskResumeAll                           0x08005921   Thumb Code   182  tasks.o(i.xTaskResumeAll)
    xTimerCreateTimerTask                    0x080059e5   Thumb Code    78  timers.o(i.xTimerCreateTimerTask)
    xTimerGenericCommand                     0x08005a45   Thumb Code    98  timers.o(i.xTimerGenericCommand)
    defaultTask_attributes                   0x08005aac   Data          36  freertos.o(.constdata)
    AHBPrescTable                            0x08005af4   Data          16  system_stm32f1xx.o(.constdata)
    APBPrescTable                            0x08005b04   Data           8  system_stm32f1xx.o(.constdata)
    ascii_font                               0x08005b0c   Data        2048  driver_oled.o(.constdata)
    Region$$Table$$Base                      0x0800644c   Number         0  anon$$obj.o(Region$$Table)
    Region$$Table$$Limit                     0x0800646c   Number         0  anon$$obj.o(Region$$Table)
    aRxBuffer                                0x20000000   Data           1  main.o(.data)
    xRxSemaphore                             0x20000008   Data           4  freertos.o(.data)
    defaultTaskHandle                        0x2000000c   Data           4  freertos.o(.data)
    uwTickFreq                               0x20000010   Data           1  stm32f1xx_hal.o(.data)
    uwTickPrio                               0x20000014   Data           4  stm32f1xx_hal.o(.data)
    uwTick                                   0x20000018   Data           4  stm32f1xx_hal.o(.data)
    SystemCoreClock                          0x2000001c   Data           4  system_stm32f1xx.o(.data)
    Airvalue                                 0x20000024   Data           4  driver_moisture.o(.data)
    Watervalue                               0x20000028   Data           4  driver_moisture.o(.data)
    LightNum                                 0x20000030   Data           2  driver_bh1750.o(.data)
    err                                      0x20000032   Data           2  driver_bh1750.o(.data)
    ESP8266_rx_len                           0x20000040   Data           2  driver_esp8266.o(.data)
    g_Auto_Light_Mode                        0x20000042   Data           2  driver_esp8266.o(.data)
    g_Auto_Water_Mode                        0x20000044   Data           2  driver_esp8266.o(.data)
    xSensorQueue                             0x20000048   Data           4  driver_esp8266.o(.data)
    xLEDQueue                                0x2000004c   Data           4  driver_esp8266.o(.data)
    xPumpQueue                               0x20000050   Data           4  driver_esp8266.o(.data)
    g_Led_status                             0x20000054   Data           1  driver_light.o(.data)
    g_Water_status                           0x20000055   Data           1  driver_water.o(.data)
    pxCurrentTCB                             0x20000058   Data           4  tasks.o(.data)
    __stdout                                 0x200000d8   Data           4  stdout.o(.data)
    hadc1                                    0x200000dc   Data          48  adc.o(.bss)
    hi2c1                                    0x2000010c   Data          84  i2c.o(.bss)
    huart1                                   0x20000160   Data          72  usart.o(.bss)
    htim4                                    0x200001a8   Data          72  stm32f1xx_hal_timebase_tim.o(.bss)
    ESP8266_rx_buffer                        0x200001f0   Data         512  driver_esp8266.o(.bss)
    xQueueRegistry                           0x20000424   Data          64  queue.o(.bss)
    __initial_sp                             0x20003438   Data           0  startup_stm32f103xb.o(STACK)



==============================================================================

Memory Map of the image

  Image Entry point : 0x080000ed

  Load Region LR_IROM1 (Base: 0x08000000, Size: 0x00006548, Max: 0x00010000, ABSOLUTE)

    Execution Region ER_IROM1 (Exec base: 0x08000000, Load base: 0x08000000, Size: 0x0000646c, Max: 0x00010000, ABSOLUTE)

    Exec Addr    Load Addr    Size         Type   Attr      Idx    E Section Name        Object

    0x08000000   0x08000000   0x000000ec   Data   RO            3    RESET               startup_stm32f103xb.o
    0x080000ec   0x080000ec   0x00000000   Code   RO         6053  * .ARM.Collect$$$$00000000  mc_w.l(entry.o)
    0x080000ec   0x080000ec   0x00000004   Code   RO         6335    .ARM.Collect$$$$00000001  mc_w.l(entry2.o)
    0x080000f0   0x080000f0   0x00000004   Code   RO         6338    .ARM.Collect$$$$00000004  mc_w.l(entry5.o)
    0x080000f4   0x080000f4   0x00000000   Code   RO         6340    .ARM.Collect$$$$00000008  mc_w.l(entry7b.o)
    0x080000f4   0x080000f4   0x00000000   Code   RO         6342    .ARM.Collect$$$$0000000A  mc_w.l(entry8b.o)
    0x080000f4   0x080000f4   0x00000008   Code   RO         6343    .ARM.Collect$$$$0000000B  mc_w.l(entry9a.o)
    0x080000fc   0x080000fc   0x00000004   Code   RO         6350    .ARM.Collect$$$$0000000E  mc_w.l(entry12b.o)
    0x08000100   0x08000100   0x00000000   Code   RO         6345    .ARM.Collect$$$$0000000F  mc_w.l(entry10a.o)
    0x08000100   0x08000100   0x00000000   Code   RO         6347    .ARM.Collect$$$$00000011  mc_w.l(entry11a.o)
    0x08000100   0x08000100   0x00000004   Code   RO         6336    .ARM.Collect$$$$00002712  mc_w.l(entry2.o)
    0x08000104   0x08000104   0x00000096   Code   RO         5976    .emb_text           port.o
    0x0800019a   0x0800019a   0x00000002   PAD
    0x0800019c   0x0800019c   0x00000024   Code   RO            4    .text               startup_stm32f103xb.o
    0x080001c0   0x080001c0   0x00000024   Code   RO         6060    .text               mc_w.l(memcpya.o)
    0x080001e4   0x080001e4   0x00000024   Code   RO         6064    .text               mc_w.l(memseta.o)
    0x08000208   0x08000208   0x00000024   Code   RO         6066    .text               mc_w.l(strstr.o)
    0x0800022c   0x0800022c   0x00000014   Code   RO         6068    .text               mc_w.l(strchr.o)
    0x08000240   0x08000240   0x0000001e   Code   RO         6070    .text               mc_w.l(strncmp.o)
    0x0800025e   0x0800025e   0x0000002c   Code   RO         6352    .text               mc_w.l(uidiv.o)
    0x0800028a   0x0800028a   0x00000002   PAD
    0x0800028c   0x0800028c   0x00000024   Code   RO         6367    .text               mc_w.l(init.o)
    0x080002b0   0x080002b0   0x00000056   Code   RO         1596    i.ADC_ConversionStop_Disable  stm32f1xx_hal_adc.o
    0x08000306   0x08000306   0x00000002   PAD
    0x08000308   0x08000308   0x0000007c   Code   RO         1600    i.ADC_Enable        stm32f1xx_hal_adc.o
    0x08000384   0x08000384   0x0000001e   Code   RO         3859    i.BH1750_Init       driver_bh1750.o
    0x080003a2   0x080003a2   0x0000001c   Code   RO         3860    i.BH1750_ReadData   driver_bh1750.o
    0x080003be   0x080003be   0x00000002   PAD
    0x080003c0   0x080003c0   0x0000001c   Code   RO         3861    i.BH1750_ReadRegister  driver_bh1750.o
    0x080003dc   0x080003dc   0x000000d0   Code   RO         3862    i.BH1750_Test       driver_bh1750.o
    0x080004ac   0x080004ac   0x00000020   Code   RO         3863    i.BH1750_WriteRegister  driver_bh1750.o
    0x080004cc   0x080004cc   0x00000002   Code   RO          454    i.BusFault_Handler  stm32f1xx_it.o
    0x080004ce   0x080004ce   0x00000002   PAD
    0x080004d0   0x080004d0   0x00000010   Code   RO         3799    i.DHT11_Init        driver_dht11.o
    0x080004e0   0x080004e0   0x00000018   Code   RO         3800    i.DHT11_PinRead     driver_dht11.o
    0x080004f8   0x080004f8   0x0000009c   Code   RO         3801    i.DHT11_Read        driver_dht11.o
    0x08000594   0x08000594   0x00000048   Code   RO         3802    i.DHT11_ReadByte    driver_dht11.o
    0x080005dc   0x080005dc   0x000000c8   Code   RO         3803    i.DHT11_Test        driver_dht11.o
    0x080006a4   0x080006a4   0x00000024   Code   RO         3804    i.DHT11_WaitFor_Val  driver_dht11.o
    0x080006c8   0x080006c8   0x00000002   Code   RO          455    i.DebugMon_Handler  stm32f1xx_it.o
    0x080006ca   0x080006ca   0x00000002   PAD
    0x080006cc   0x080006cc   0x0000001c   Code   RO         4153    i.ESP8266_Clear_Buffer  driver_esp8266.o
    0x080006e8   0x080006e8   0x00000070   Code   RO         4154    i.ESP8266_Connect_Test  driver_esp8266.o
    0x08000758   0x08000758   0x000003f8   Code   RO         4155    i.ESP8266_Init      driver_esp8266.o
    0x08000b50   0x08000b50   0x00000034   Code   RO         4156    i.ESP8266_PackData  driver_esp8266.o
    0x08000b84   0x08000b84   0x000000d0   Code   RO         4157    i.ESP8266_ReceiveTask  driver_esp8266.o
    0x08000c54   0x08000c54   0x000000a0   Code   RO         4158    i.ESP8266_SendTask  driver_esp8266.o
    0x08000cf4   0x08000cf4   0x00000080   Code   RO         4159    i.ESP8266_SendToOneNet  driver_esp8266.o
    0x08000d74   0x08000d74   0x00000040   Code   RO         4160    i.ESP8266_Send_Cmd  driver_esp8266.o
    0x08000db4   0x08000db4   0x00000004   Code   RO           13    i.Error_Handler     main.o
    0x08000db8   0x08000db8   0x00000058   Code   RO         4161    i.Extract_JSON_Bool  driver_esp8266.o
    0x08000e10   0x08000e10   0x00000010   Code   RO          267    i.GetI2C            freertos.o
    0x08000e20   0x08000e20   0x000000d8   Code   RO         1776    i.HAL_ADCEx_Calibration_Start  stm32f1xx_hal_adc_ex.o
    0x08000ef8   0x08000ef8   0x000000fc   Code   RO         1602    i.HAL_ADC_ConfigChannel  stm32f1xx_hal_adc.o
    0x08000ff4   0x08000ff4   0x00000006   Code   RO         1609    i.HAL_ADC_GetValue  stm32f1xx_hal_adc.o
    0x08000ffa   0x08000ffa   0x00000002   PAD
    0x08000ffc   0x08000ffc   0x0000011c   Code   RO         1611    i.HAL_ADC_Init      stm32f1xx_hal_adc.o
    0x08001118   0x08001118   0x00000058   Code   RO          329    i.HAL_ADC_MspInit   adc.o
    0x08001170   0x08001170   0x0000013c   Code   RO         1615    i.HAL_ADC_PollForConversion  stm32f1xx_hal_adc.o
    0x080012ac   0x080012ac   0x000000c0   Code   RO         1617    i.HAL_ADC_Start     stm32f1xx_hal_adc.o
    0x0800136c   0x0800136c   0x00000046   Code   RO         2253    i.HAL_DMA_Abort     stm32f1xx_hal_dma.o
    0x080013b2   0x080013b2   0x00000002   PAD
    0x080013b4   0x080013b4   0x00000098   Code   RO         2254    i.HAL_DMA_Abort_IT  stm32f1xx_hal_dma.o
    0x0800144c   0x0800144c   0x00000024   Code   RO         1879    i.HAL_Delay         stm32f1xx_hal.o
    0x08001470   0x08001470   0x000001e0   Code   RO         2189    i.HAL_GPIO_Init     stm32f1xx_hal_gpio.o
    0x08001650   0x08001650   0x0000000a   Code   RO         2191    i.HAL_GPIO_ReadPin  stm32f1xx_hal_gpio.o
    0x0800165a   0x0800165a   0x0000000a   Code   RO         2193    i.HAL_GPIO_WritePin  stm32f1xx_hal_gpio.o
    0x08001664   0x08001664   0x0000000c   Code   RO         1883    i.HAL_GetTick       stm32f1xx_hal.o
    0x08001670   0x08001670   0x00000188   Code   RO         2860    i.HAL_I2C_Init      stm32f1xx_hal_i2c.o
    0x080017f8   0x080017f8   0x00000250   Code   RO         2866    i.HAL_I2C_Master_Receive  stm32f1xx_hal_i2c.o
    0x08001a48   0x08001a48   0x0000012c   Code   RO         2873    i.HAL_I2C_Master_Transmit  stm32f1xx_hal_i2c.o
    0x08001b74   0x08001b74   0x00000130   Code   RO         2881    i.HAL_I2C_Mem_Write  stm32f1xx_hal_i2c.o
    0x08001ca4   0x08001ca4   0x0000005c   Code   RO          371    i.HAL_I2C_MspInit   i2c.o
    0x08001d00   0x08001d00   0x00000010   Code   RO         1889    i.HAL_IncTick       stm32f1xx_hal.o
    0x08001d10   0x08001d10   0x00000024   Code   RO         1890    i.HAL_Init          stm32f1xx_hal.o
    0x08001d34   0x08001d34   0x00000098   Code   RO          548    i.HAL_InitTick      stm32f1xx_hal_timebase_tim.o
    0x08001dcc   0x08001dcc   0x00000048   Code   RO          524    i.HAL_MspInit       stm32f1xx_hal_msp.o
    0x08001e14   0x08001e14   0x0000001a   Code   RO         2349    i.HAL_NVIC_EnableIRQ  stm32f1xx_hal_cortex.o
    0x08001e2e   0x08001e2e   0x00000002   PAD
    0x08001e30   0x08001e30   0x00000040   Code   RO         2355    i.HAL_NVIC_SetPriority  stm32f1xx_hal_cortex.o
    0x08001e70   0x08001e70   0x00000024   Code   RO         2356    i.HAL_NVIC_SetPriorityGrouping  stm32f1xx_hal_cortex.o
    0x08001e94   0x08001e94   0x000000a4   Code   RO         2150    i.HAL_RCCEx_GetPeriphCLKFreq  stm32f1xx_hal_rcc_ex.o
    0x08001f38   0x08001f38   0x000000ec   Code   RO         2151    i.HAL_RCCEx_PeriphCLKConfig  stm32f1xx_hal_rcc_ex.o
    0x08002024   0x08002024   0x0000012c   Code   RO         2047    i.HAL_RCC_ClockConfig  stm32f1xx_hal_rcc.o
    0x08002150   0x08002150   0x00000040   Code   RO         2051    i.HAL_RCC_GetClockConfig  stm32f1xx_hal_rcc.o
    0x08002190   0x08002190   0x00000020   Code   RO         2054    i.HAL_RCC_GetPCLK1Freq  stm32f1xx_hal_rcc.o
    0x080021b0   0x080021b0   0x00000020   Code   RO         2055    i.HAL_RCC_GetPCLK2Freq  stm32f1xx_hal_rcc.o
    0x080021d0   0x080021d0   0x0000004c   Code   RO         2056    i.HAL_RCC_GetSysClockFreq  stm32f1xx_hal_rcc.o
    0x0800221c   0x0800221c   0x00000320   Code   RO         2059    i.HAL_RCC_OscConfig  stm32f1xx_hal_rcc.o
    0x0800253c   0x0800253c   0x00000002   Code   RO         1329    i.HAL_TIMEx_BreakCallback  stm32f1xx_hal_tim_ex.o
    0x0800253e   0x0800253e   0x00000002   Code   RO         1330    i.HAL_TIMEx_CommutCallback  stm32f1xx_hal_tim_ex.o
    0x08002540   0x08002540   0x0000005a   Code   RO          625    i.HAL_TIM_Base_Init  stm32f1xx_hal_tim.o
    0x0800259a   0x0800259a   0x00000002   Code   RO          627    i.HAL_TIM_Base_MspInit  stm32f1xx_hal_tim.o
    0x0800259c   0x0800259c   0x00000058   Code   RO          630    i.HAL_TIM_Base_Start_IT  stm32f1xx_hal_tim.o
    0x080025f4   0x080025f4   0x00000002   Code   RO          659    i.HAL_TIM_IC_CaptureCallback  stm32f1xx_hal_tim.o
    0x080025f6   0x080025f6   0x00000130   Code   RO          673    i.HAL_TIM_IRQHandler  stm32f1xx_hal_tim.o
    0x08002726   0x08002726   0x00000002   Code   RO          676    i.HAL_TIM_OC_DelayElapsedCallback  stm32f1xx_hal_tim.o
    0x08002728   0x08002728   0x00000002   Code   RO          703    i.HAL_TIM_PWM_PulseFinishedCallback  stm32f1xx_hal_tim.o
    0x0800272a   0x0800272a   0x00000002   PAD
    0x0800272c   0x0800272c   0x00000014   Code   RO           14    i.HAL_TIM_PeriodElapsedCallback  main.o
    0x08002740   0x08002740   0x00000002   Code   RO          716    i.HAL_TIM_TriggerCallback  stm32f1xx_hal_tim.o
    0x08002742   0x08002742   0x00000002   Code   RO         3298    i.HAL_UARTEx_RxEventCallback  stm32f1xx_hal_uart.o
    0x08002744   0x08002744   0x00000002   Code   RO         3312    i.HAL_UART_ErrorCallback  stm32f1xx_hal_uart.o
    0x08002746   0x08002746   0x00000002   PAD
    0x08002748   0x08002748   0x0000026c   Code   RO         3315    i.HAL_UART_IRQHandler  stm32f1xx_hal_uart.o
    0x080029b4   0x080029b4   0x00000064   Code   RO         3316    i.HAL_UART_Init     stm32f1xx_hal_uart.o
    0x08002a18   0x08002a18   0x00000080   Code   RO          413    i.HAL_UART_MspInit  usart.o
    0x08002a98   0x08002a98   0x0000001c   Code   RO         3321    i.HAL_UART_Receive_IT  stm32f1xx_hal_uart.o
    0x08002ab4   0x08002ab4   0x00000078   Code   RO           15    i.HAL_UART_RxCpltCallback  main.o
    0x08002b2c   0x08002b2c   0x000000a0   Code   RO         3324    i.HAL_UART_Transmit  stm32f1xx_hal_uart.o
    0x08002bcc   0x08002bcc   0x00000002   Code   RO         3327    i.HAL_UART_TxCpltCallback  stm32f1xx_hal_uart.o
    0x08002bce   0x08002bce   0x00000002   Code   RO          456    i.HardFault_Handler  stm32f1xx_it.o
    0x08002bd0   0x08002bd0   0x0000002e   Code   RO         2903    i.I2C_IsAcknowledgeFailed  stm32f1xx_hal_i2c.o
    0x08002bfe   0x08002bfe   0x00000002   PAD
    0x08002c00   0x08002c00   0x000000ec   Code   RO         2906    i.I2C_MasterRequestRead  stm32f1xx_hal_i2c.o
    0x08002cec   0x08002cec   0x0000009c   Code   RO         2907    i.I2C_MasterRequestWrite  stm32f1xx_hal_i2c.o
    0x08002d88   0x08002d88   0x000000a8   Code   RO         2914    i.I2C_RequestMemoryWrite  stm32f1xx_hal_i2c.o
    0x08002e30   0x08002e30   0x00000056   Code   RO         2918    i.I2C_WaitOnBTFFlagUntilTimeout  stm32f1xx_hal_i2c.o
    0x08002e86   0x08002e86   0x00000002   PAD
    0x08002e88   0x08002e88   0x00000090   Code   RO         2919    i.I2C_WaitOnFlagUntilTimeout  stm32f1xx_hal_i2c.o
    0x08002f18   0x08002f18   0x000000bc   Code   RO         2920    i.I2C_WaitOnMasterAddressFlagUntilTimeout  stm32f1xx_hal_i2c.o
    0x08002fd4   0x08002fd4   0x00000070   Code   RO         2921    i.I2C_WaitOnRXNEFlagUntilTimeout  stm32f1xx_hal_i2c.o
    0x08003044   0x08003044   0x00000056   Code   RO         2922    i.I2C_WaitOnTXEFlagUntilTimeout  stm32f1xx_hal_i2c.o
    0x0800309a   0x0800309a   0x00000004   Code   RO         4069    i.LCD_Clear         driver_lcd.o
    0x0800309e   0x0800309e   0x00000004   Code   RO         4071    i.LCD_ClearLine     driver_lcd.o
    0x080030a2   0x080030a2   0x00000004   Code   RO         4075    i.LCD_Init          driver_lcd.o
    0x080030a6   0x080030a6   0x00000004   Code   RO         4077    i.LCD_PrintSignedVal  driver_lcd.o
    0x080030aa   0x080030aa   0x00000004   Code   RO         4078    i.LCD_PrintString   driver_lcd.o
    0x080030ae   0x080030ae   0x00000002   PAD
    0x080030b0   0x080030b0   0x00000010   Code   RO         4230    i.Light_Init        driver_light.o
    0x080030c0   0x080030c0   0x00000050   Code   RO         4231    i.Light_Test        driver_light.o
    0x08003110   0x08003110   0x00000050   Code   RO          330    i.MX_ADC1_Init      adc.o
    0x08003160   0x08003160   0x000000a4   Code   RO          268    i.MX_FREERTOS_Init  freertos.o
    0x08003204   0x08003204   0x00000090   Code   RO          243    i.MX_GPIO_Init      gpio.o
    0x08003294   0x08003294   0x00000040   Code   RO          372    i.MX_I2C1_Init      i2c.o
    0x080032d4   0x080032d4   0x00000038   Code   RO          414    i.MX_USART1_UART_Init  usart.o
    0x0800330c   0x0800330c   0x00000002   Code   RO          457    i.MemManage_Handler  stm32f1xx_it.o
    0x0800330e   0x0800330e   0x00000002   PAD
    0x08003310   0x08003310   0x0000000c   Code   RO         3687    i.MoistureSensor_Init  driver_moisture.o
    0x0800331c   0x0800331c   0x00000030   Code   RO         3688    i.MoistureSensor_Read  driver_moisture.o
    0x0800334c   0x0800334c   0x000000c0   Code   RO         3689    i.MoistureSensor_Test  driver_moisture.o
    0x0800340c   0x0800340c   0x00000002   Code   RO          458    i.NMI_Handler       stm32f1xx_it.o
    0x0800340e   0x0800340e   0x0000002a   Code   RO         3947    i.OLED_Clear        driver_oled.o
    0x08003438   0x08003438   0x0000001c   Code   RO         3949    i.OLED_ClearLine    driver_oled.o
    0x08003454   0x08003454   0x00000094   Code   RO         3953    i.OLED_Init         driver_oled.o
    0x080034e8   0x080034e8   0x0000007e   Code   RO         3955    i.OLED_PrintSignedVal  driver_oled.o
    0x08003566   0x08003566   0x00000032   Code   RO         3956    i.OLED_PrintString  driver_oled.o
    0x08003598   0x08003598   0x00000048   Code   RO         3957    i.OLED_PutChar      driver_oled.o
    0x080035e0   0x080035e0   0x0000002c   Code   RO         3958    i.OLED_SetComConfig  driver_oled.o
    0x0800360c   0x0800360c   0x00000040   Code   RO         3959    i.OLED_SetPosition  driver_oled.o
    0x0800364c   0x0800364c   0x00000028   Code   RO         3961    i.OLED_WriteCmd     driver_oled.o
    0x08003674   0x08003674   0x00000020   Code   RO         3962    i.OLED_WriteNBytes  driver_oled.o
    0x08003694   0x08003694   0x00000014   Code   RO          269    i.PutI2C            freertos.o
    0x080036a8   0x080036a8   0x00000008   Code   RO          270    i.StartDefaultTask  freertos.o
    0x080036b0   0x080036b0   0x0000001a   Code   RO         5411    i.SysTick_Handler   cmsis_os2.o
    0x080036ca   0x080036ca   0x00000078   Code   RO           16    i.SystemClock_Config  main.o
    0x08003742   0x08003742   0x00000002   Code   RO         3650    i.SystemInit        system_stm32f1xx.o
    0x08003744   0x08003744   0x0000000c   Code   RO          459    i.TIM4_IRQHandler   stm32f1xx_it.o
    0x08003750   0x08003750   0x00000078   Code   RO          718    i.TIM_Base_SetConfig  stm32f1xx_hal_tim.o
    0x080037c8   0x080037c8   0x00000010   Code   RO         3329    i.UART_DMAAbortOnError  stm32f1xx_hal_uart.o
    0x080037d8   0x080037d8   0x0000004e   Code   RO         3339    i.UART_EndRxTransfer  stm32f1xx_hal_uart.o
    0x08003826   0x08003826   0x000000c2   Code   RO         3341    i.UART_Receive_IT   stm32f1xx_hal_uart.o
    0x080038e8   0x080038e8   0x000000b8   Code   RO         3342    i.UART_SetConfig    stm32f1xx_hal_uart.o
    0x080039a0   0x080039a0   0x00000036   Code   RO         3344    i.UART_Start_Receive_IT  stm32f1xx_hal_uart.o
    0x080039d6   0x080039d6   0x00000072   Code   RO         3345    i.UART_WaitOnFlagUntilTimeout  stm32f1xx_hal_uart.o
    0x08003a48   0x08003a48   0x0000000c   Code   RO          460    i.USART1_IRQHandler  stm32f1xx_it.o
    0x08003a54   0x08003a54   0x00000002   Code   RO          461    i.UsageFault_Handler  stm32f1xx_it.o
    0x08003a56   0x08003a56   0x00000002   PAD
    0x08003a58   0x08003a58   0x00000010   Code   RO         4267    i.Water_Init        driver_water.o
    0x08003a68   0x08003a68   0x00000050   Code   RO         4268    i.Water_Test        driver_water.o
    0x08003ab8   0x08003ab8   0x00000020   Code   RO         6229    i.__0printf$6       mc_w.l(printf6.o)
    0x08003ad8   0x08003ad8   0x00000034   Code   RO         6230    i.__0snprintf$6     mc_w.l(printf6.o)
    0x08003b0c   0x08003b0c   0x00000028   Code   RO         6231    i.__0sprintf$6      mc_w.l(printf6.o)
    0x08003b34   0x08003b34   0x00000020   Code   RO         2362    i.__NVIC_SetPriority  stm32f1xx_hal_cortex.o
    0x08003b54   0x08003b54   0x0000000e   Code   RO         6375    i.__scatterload_copy  mc_w.l(handlers.o)
    0x08003b62   0x08003b62   0x00000002   Code   RO         6376    i.__scatterload_null  mc_w.l(handlers.o)
    0x08003b64   0x08003b64   0x0000000e   Code   RO         6377    i.__scatterload_zeroinit  mc_w.l(handlers.o)
    0x08003b72   0x08003b72   0x00000002   PAD
    0x08003b74   0x08003b74   0x000002f0   Code   RO         6236    i._printf_core      mc_w.l(printf6.o)
    0x08003e64   0x08003e64   0x00000024   Code   RO         6237    i._printf_post_padding  mc_w.l(printf6.o)
    0x08003e88   0x08003e88   0x0000002e   Code   RO         6238    i._printf_pre_padding  mc_w.l(printf6.o)
    0x08003eb6   0x08003eb6   0x00000016   Code   RO         6239    i._snputc           mc_w.l(printf6.o)
    0x08003ecc   0x08003ecc   0x0000000a   Code   RO         6240    i._sputc            mc_w.l(printf6.o)
    0x08003ed6   0x08003ed6   0x00000002   PAD
    0x08003ed8   0x08003ed8   0x0000001c   Code   RO         3763    i.fputc             driver_uart.o
    0x08003ef4   0x08003ef4   0x00000038   Code   RO           17    i.main              main.o
    0x08003f2c   0x08003f2c   0x00000014   Code   RO         3690    i.map               driver_moisture.o
    0x08003f40   0x08003f40   0x0000001a   Code   RO         3910    i.mdelay            driver_delay.o
    0x08003f5a   0x08003f5a   0x0000001a   Code   RO         5413    i.osDelay           cmsis_os2.o
    0x08003f74   0x08003f74   0x00000024   Code   RO         5427    i.osKernelInitialize  cmsis_os2.o
    0x08003f98   0x08003f98   0x00000038   Code   RO         5430    i.osKernelStart     cmsis_os2.o
    0x08003fd0   0x08003fd0   0x0000008a   Code   RO         5472    i.osThreadNew       cmsis_os2.o
    0x0800405a   0x0800405a   0x00000002   PAD
    0x0800405c   0x0800405c   0x0000005c   Code   RO         4875    i.prvAddCurrentTaskToDelayedList  tasks.o
    0x080040b8   0x080040b8   0x000000d0   Code   RO         4876    i.prvAddNewTaskToReadyList  tasks.o
    0x08004188   0x08004188   0x00000058   Code   RO         5240    i.prvCheckForValidListAndQueue  timers.o
    0x080041e0   0x080041e0   0x00000026   Code   RO         4472    i.prvCopyDataFromQueue  queue.o
    0x08004206   0x08004206   0x0000006c   Code   RO         4473    i.prvCopyDataToQueue  queue.o
    0x08004272   0x08004272   0x00000034   Code   RO         4877    i.prvDeleteTCB      tasks.o
    0x080042a6   0x080042a6   0x00000002   PAD
    0x080042a8   0x080042a8   0x0000004c   Code   RO         5921    i.prvHeapInit       heap_4.o
    0x080042f4   0x080042f4   0x00000060   Code   RO         4878    i.prvIdleTask       tasks.o
    0x08004354   0x08004354   0x00000016   Code   RO         4474    i.prvInitialiseMutex  queue.o
    0x0800436a   0x0800436a   0x00000002   PAD
    0x0800436c   0x0800436c   0x00000022   Code   RO         4475    i.prvInitialiseNewQueue  queue.o
    0x0800438e   0x0800438e   0x00000002   PAD
    0x08004390   0x08004390   0x000000b0   Code   RO         4879    i.prvInitialiseNewTask  tasks.o
    0x08004440   0x08004440   0x0000004c   Code   RO         5922    i.prvInsertBlockIntoFreeList  heap_4.o
    0x0800448c   0x0800448c   0x00000038   Code   RO         5242    i.prvInsertTimerInActiveList  timers.o
    0x080044c4   0x080044c4   0x0000001c   Code   RO         4476    i.prvIsQueueEmpty   queue.o
    0x080044e0   0x080044e0   0x000000fc   Code   RO         5243    i.prvProcessReceivedCommands  timers.o
    0x080045dc   0x080045dc   0x000000c0   Code   RO         5244    i.prvProcessTimerOrBlockTask  timers.o
    0x0800469c   0x0800469c   0x00000020   Code   RO         4881    i.prvResetNextTaskUnblockTime  tasks.o
    0x080046bc   0x080046bc   0x00000028   Code   RO         5245    i.prvSampleTimeNow  timers.o
    0x080046e4   0x080046e4   0x0000006c   Code   RO         5246    i.prvSwitchTimerLists  timers.o
    0x08004750   0x08004750   0x00000028   Code   RO         5977    i.prvTaskExitError  port.o
    0x08004778   0x08004778   0x00000024   Code   RO         5247    i.prvTimerTask      timers.o
    0x0800479c   0x0800479c   0x0000006a   Code   RO         4477    i.prvUnlockQueue    queue.o
    0x08004806   0x08004806   0x00000002   PAD
    0x08004808   0x08004808   0x000000dc   Code   RO         5923    i.pvPortMalloc      heap_4.o
    0x080048e4   0x080048e4   0x00000018   Code   RO         4884    i.pvTaskIncrementMutexHeldCount  tasks.o
    0x080048fc   0x080048fc   0x00000024   Code   RO         5978    i.pxPortInitialiseStack  port.o
    0x08004920   0x08004920   0x00000038   Code   RO         3912    i.udelay            driver_delay.o
    0x08004958   0x08004958   0x00000026   Code   RO         4432    i.uxListRemove      list.o
    0x0800497e   0x0800497e   0x00000002   PAD
    0x08004980   0x08004980   0x00000014   Code   RO         5484    i.vApplicationGetIdleTaskMemory  cmsis_os2.o
    0x08004994   0x08004994   0x00000018   Code   RO         5485    i.vApplicationGetTimerTaskMemory  cmsis_os2.o
    0x080049ac   0x080049ac   0x00000016   Code   RO         4433    i.vListInitialise   list.o
    0x080049c2   0x080049c2   0x00000006   Code   RO         4434    i.vListInitialiseItem  list.o
    0x080049c8   0x080049c8   0x00000030   Code   RO         4435    i.vListInsert       list.o
    0x080049f8   0x080049f8   0x00000018   Code   RO         4436    i.vListInsertEnd    list.o
    0x08004a10   0x08004a10   0x00000040   Code   RO         5980    i.vPortEnterCritical  port.o
    0x08004a50   0x08004a50   0x00000028   Code   RO         5981    i.vPortExitCritical  port.o
    0x08004a78   0x08004a78   0x00000064   Code   RO         5924    i.vPortFree         heap_4.o
    0x08004adc   0x08004adc   0x00000024   Code   RO         5982    i.vPortSetupTimerInterrupt  port.o
    0x08004b00   0x08004b00   0x00000054   Code   RO         5983    i.vPortValidateInterruptPriority  port.o
    0x08004b54   0x08004b54   0x00000028   Code   RO         4483    i.vQueueAddToRegistry  queue.o
    0x08004b7c   0x08004b7c   0x00000044   Code   RO         4487    i.vQueueWaitForMessageRestricted  queue.o
    0x08004bc0   0x08004bc0   0x0000004c   Code   RO         4894    i.vTaskDelay        tasks.o
    0x08004c0c   0x08004c0c   0x00000010   Code   RO         4899    i.vTaskInternalSetTimeOutState  tasks.o
    0x08004c1c   0x08004c1c   0x0000000c   Code   RO         4900    i.vTaskMissedYield  tasks.o
    0x08004c28   0x08004c28   0x00000030   Code   RO         4902    i.vTaskPlaceOnEventList  tasks.o
    0x08004c58   0x08004c58   0x00000038   Code   RO         4903    i.vTaskPlaceOnEventListRestricted  tasks.o
    0x08004c90   0x08004c90   0x00000090   Code   RO         4905    i.vTaskPriorityDisinheritAfterTimeout  tasks.o
    0x08004d20   0x08004d20   0x00000088   Code   RO         4911    i.vTaskStartScheduler  tasks.o
    0x08004da8   0x08004da8   0x00000010   Code   RO         4913    i.vTaskSuspendAll   tasks.o
    0x08004db8   0x08004db8   0x00000064   Code   RO         4914    i.vTaskSwitchContext  tasks.o
    0x08004e1c   0x08004e1c   0x000000a8   Code   RO         5984    i.xPortStartScheduler  port.o
    0x08004ec4   0x08004ec4   0x0000002c   Code   RO         5985    i.xPortSysTickHandler  port.o
    0x08004ef0   0x08004ef0   0x00000016   Code   RO         4490    i.xQueueCreateMutex  queue.o
    0x08004f06   0x08004f06   0x00000042   Code   RO         4492    i.xQueueGenericCreate  queue.o
    0x08004f48   0x08004f48   0x00000066   Code   RO         4493    i.xQueueGenericCreateStatic  queue.o
    0x08004fae   0x08004fae   0x00000002   PAD
    0x08004fb0   0x08004fb0   0x00000088   Code   RO         4494    i.xQueueGenericReset  queue.o
    0x08005038   0x08005038   0x00000160   Code   RO         4495    i.xQueueGenericSend  queue.o
    0x08005198   0x08005198   0x000000be   Code   RO         4496    i.xQueueGenericSendFromISR  queue.o
    0x08005256   0x08005256   0x0000009c   Code   RO         4499    i.xQueueGiveFromISR  queue.o
    0x080052f2   0x080052f2   0x00000002   PAD
    0x080052f4   0x080052f4   0x00000138   Code   RO         4505    i.xQueueReceive     queue.o
    0x0800542c   0x0800542c   0x00000178   Code   RO         4507    i.xQueueSemaphoreTake  queue.o
    0x080055a4   0x080055a4   0x00000074   Code   RO         4916    i.xTaskCheckForTimeOut  tasks.o
    0x08005618   0x08005618   0x0000005a   Code   RO         4917    i.xTaskCreate       tasks.o
    0x08005672   0x08005672   0x00000056   Code   RO         4918    i.xTaskCreateStatic  tasks.o
    0x080056c8   0x080056c8   0x0000001c   Code   RO         4922    i.xTaskGetSchedulerState  tasks.o
    0x080056e4   0x080056e4   0x0000000c   Code   RO         4923    i.xTaskGetTickCount  tasks.o
    0x080056f0   0x080056f0   0x000000c8   Code   RO         4925    i.xTaskIncrementTick  tasks.o
    0x080057b8   0x080057b8   0x00000080   Code   RO         4928    i.xTaskPriorityDisinherit  tasks.o
    0x08005838   0x08005838   0x00000078   Code   RO         4929    i.xTaskPriorityInherit  tasks.o
    0x080058b0   0x080058b0   0x00000070   Code   RO         4930    i.xTaskRemoveFromEventList  tasks.o
    0x08005920   0x08005920   0x000000c4   Code   RO         4931    i.xTaskResumeAll    tasks.o
    0x080059e4   0x080059e4   0x00000060   Code   RO         5256    i.xTimerCreateTimerTask  timers.o
    0x08005a44   0x08005a44   0x00000068   Code   RO         5257    i.xTimerGenericCommand  timers.o
    0x08005aac   0x08005aac   0x00000024   Data   RO          271    .constdata          freertos.o
    0x08005ad0   0x08005ad0   0x00000012   Data   RO         2060    .constdata          stm32f1xx_hal_rcc.o
    0x08005ae2   0x08005ae2   0x00000012   Data   RO         2152    .constdata          stm32f1xx_hal_rcc_ex.o
    0x08005af4   0x08005af4   0x00000010   Data   RO         3651    .constdata          system_stm32f1xx.o
    0x08005b04   0x08005b04   0x00000008   Data   RO         3652    .constdata          system_stm32f1xx.o
    0x08005b0c   0x08005b0c   0x00000800   Data   RO         3964    .constdata          driver_oled.o
    0x0800630c   0x0800630c   0x0000000c   Data   RO          272    .conststring        freertos.o
    0x08006318   0x08006318   0x00000132   Data   RO         4163    .conststring        driver_esp8266.o
    0x0800644a   0x0800644a   0x00000002   PAD
    0x0800644c   0x0800644c   0x00000020   Data   RO         6373    Region$$Table       anon$$obj.o


    Execution Region RW_IRAM1 (Exec base: 0x20000000, Load base: 0x0800646c, Size: 0x00003438, Max: 0x00005000, ABSOLUTE)

    Exec Addr    Load Addr    Size         Type   Attr      Idx    E Section Name        Object

    0x20000000   0x0800646c   0x00000001   Data   RW           18    .data               main.o
    0x20000001   0x0800646d   0x00000003   PAD
    0x20000004   0x08006470   0x0000000c   Data   RW          273    .data               freertos.o
    0x20000010   0x0800647c   0x0000000c   Data   RW         1897    .data               stm32f1xx_hal.o
    0x2000001c   0x08006488   0x00000004   Data   RW         3653    .data               system_stm32f1xx.o
    0x20000020   0x0800648c   0x0000000c   Data   RW         3691    .data               driver_moisture.o
    0x2000002c   0x08006498   0x00000004   Data   RW         3764    .data               driver_uart.o
    0x20000030   0x0800649c   0x00000008   Data   RW         3864    .data               driver_bh1750.o
    0x20000038   0x080064a4   0x00000008   Data   RW         3965    .data               driver_oled.o
    0x20000040   0x080064ac   0x00000014   Data   RW         4164    .data               driver_esp8266.o
    0x20000054   0x080064c0   0x00000001   Data   RW         4232    .data               driver_light.o
    0x20000055   0x080064c1   0x00000001   Data   RW         4269    .data               driver_water.o
    0x20000056   0x080064c2   0x00000002   PAD
    0x20000058   0x080064c4   0x0000003c   Data   RW         4934    .data               tasks.o
    0x20000094   0x08006500   0x00000014   Data   RW         5265    .data               timers.o
    0x200000a8   0x08006514   0x00000004   Data   RW         5487    .data               cmsis_os2.o
    0x200000ac   0x08006518   0x00000020   Data   RW         5930    .data               heap_4.o
    0x200000cc   0x08006538   0x0000000c   Data   RW         5986    .data               port.o
    0x200000d8   0x08006544   0x00000004   Data   RW         6351    .data               mc_w.l(stdout.o)
    0x200000dc        -       0x00000030   Zero   RW          331    .bss                adc.o
    0x2000010c        -       0x00000054   Zero   RW          373    .bss                i2c.o
    0x20000160        -       0x00000048   Zero   RW          415    .bss                usart.o
    0x200001a8        -       0x00000048   Zero   RW          551    .bss                stm32f1xx_hal_timebase_tim.o
    0x200001f0        -       0x00000234   Zero   RW         4162    .bss                driver_esp8266.o
    0x20000424        -       0x00000040   Zero   RW         4509    .bss                queue.o
    0x20000464        -       0x000004c4   Zero   RW         4933    .bss                tasks.o
    0x20000928        -       0x00000118   Zero   RW         5264    .bss                timers.o
    0x20000a40        -       0x000006b8   Zero   RW         5486    .bss                cmsis_os2.o
    0x200010f8        -       0x00001f40   Zero   RW         5929    .bss                heap_4.o
    0x20003038        -       0x00000400   Zero   RW            1    STACK               startup_stm32f103xb.o


==============================================================================

Image component sizes


      Code (inc. data)   RO Data    RW Data    ZI Data      Debug   Object Name

       168         22          0          0         48       1521   adc.o
       326         22          0          4       1720      55323   cmsis_os2.o
       326         52          0          8          0       3632   driver_bh1750.o
        82          4          0          0          0       1546   driver_delay.o
       504         64          0          0          0       4480   driver_dht11.o
      1856        768        306         20        564       7005   driver_esp8266.o
        20          0          0          0          0       2286   driver_lcd.o
        96         18          0          1          0       1121   driver_light.o
       272         48          0         12          0       5524   driver_moisture.o
       646         30       2048          8          0       9144   driver_oled.o
        28          6          0          4          0       1000   driver_uart.o
        96         18          0          1          0       1119   driver_water.o
         0          0          0          0          0      19456   event_groups.o
       208         70         48         12          0       2604   freertos.o
       144         12          0          0          0        863   gpio.o
       472         24          0         32       8000       4579   heap_4.o
       156         26          0          0         84       1505   i2c.o
       138          0          0          0          0       3210   list.o
       320         42          0          1          0     474444   main.o
       662         70          0         12          0      10381   port.o
      2156         24          0          0         64      21696   queue.o
        36          8        236          0       1024        772   startup_stm32f103xb.o
       100         18          0         12          0       5038   stm32f1xx_hal.o
      1260         54          0          0          0       6288   stm32f1xx_hal_adc.o
       216          6          0          0          0       1374   stm32f1xx_hal_adc_ex.o
       158         14          0          0          0      28030   stm32f1xx_hal_cortex.o
       222          4          0          0          0       1679   stm32f1xx_hal_dma.o
       500         34          0          0          0       3391   stm32f1xx_hal_gpio.o
      2810         70          0          0          0      14406   stm32f1xx_hal_i2c.o
        72         10          0          0          0        810   stm32f1xx_hal_msp.o
      1304         94         18          0          0       5529   stm32f1xx_hal_rcc.o
       400         28         18          0          0       2381   stm32f1xx_hal_rcc_ex.o
       612         24          0          0          0       6872   stm32f1xx_hal_tim.o
         4          0          0          0          0       1489   stm32f1xx_hal_tim_ex.o
       152         20          0          0         72       1387   stm32f1xx_hal_timebase_tim.o
      1554         10          0          0          0      10532   stm32f1xx_hal_uart.o
        36         12          0          0          0       3215   stm32f1xx_it.o
         0          0          0          0          0        384   stream_buffer.o
         2          0         24          4          0       1023   system_stm32f1xx.o
      2372        192          0         60       1220      27785   tasks.o
       972         80          0         20        280      29051   timers.o
       184         20          0          0         72       1570   usart.o

    ----------------------------------------------------------------------
     21688       2018       2732        216      13148     785445   Object Totals
         0          0         32          0          0          0   (incl. Generated)
        46          0          2          5          0          0   (incl. Padding)

    ----------------------------------------------------------------------

      Code (inc. data)   RO Data    RW Data    ZI Data      Debug   Library Member Name

         0          0          0          0          0          0   entry.o
         0          0          0          0          0          0   entry10a.o
         0          0          0          0          0          0   entry11a.o
         4          0          0          0          0          0   entry12b.o
         8          4          0          0          0          0   entry2.o
         4          0          0          0          0          0   entry5.o
         0          0          0          0          0          0   entry7b.o
         0          0          0          0          0          0   entry8b.o
         8          4          0          0          0          0   entry9a.o
        30          0          0          0          0          0   handlers.o
        36          8          0          0          0         68   init.o
        36          0          0          0          0         68   memcpya.o
        36          0          0          0          0        108   memseta.o
       990         24          0          0          0        660   printf6.o
         0          0          0          4          0          0   stdout.o
        20          0          0          0          0         68   strchr.o
        30          0          0          0          0         80   strncmp.o
        36          0          0          0          0         80   strstr.o
        44          0          0          0          0         80   uidiv.o

    ----------------------------------------------------------------------
      1288         40          0          4          0       1212   Library Totals
         6          0          0          0          0          0   (incl. Padding)

    ----------------------------------------------------------------------

      Code (inc. data)   RO Data    RW Data    ZI Data      Debug   Library Name

      1282         40          0          4          0       1212   mc_w.l

    ----------------------------------------------------------------------
      1288         40          0          4          0       1212   Library Totals

    ----------------------------------------------------------------------

==============================================================================


      Code (inc. data)   RO Data    RW Data    ZI Data      Debug   

     22976       2058       2732        220      13148     775161   Grand Totals
     22976       2058       2732        220      13148     775161   ELF Image Totals
     22976       2058       2732        220          0          0   ROM Totals

==============================================================================

    Total RO  Size (Code + RO Data)                25708 (  25.11kB)
    Total RW  Size (RW Data + ZI Data)             13368 (  13.05kB)
    Total ROM Size (Code + RO Data + RW Data)      25928 (  25.32kB)

==============================================================================

